Archive member included to satisfy reference by file (symbol)

../../../../../../Library/Bluetooth_LE/library\libbluenrg1_stack.a(bluenrg_gap_aci.o)
                              User/sensor.o (aci_gap_init)
../../../../../../Library/Bluetooth_LE/library\libbluenrg1_stack.a(bluenrg_gatt_aci.o)
                              User/gatt_db.o (aci_gatt_add_char)
../../../../../../Library/Bluetooth_LE/library\libbluenrg1_stack.a(bluenrg_hal_aci.o)
                              User/sensor.o (aci_hal_set_tx_power_level)
../../../../../../Library/Bluetooth_LE/library\libbluenrg1_stack.a(bluenrg_main_func.o)
                              User/SensorDemo_main.o (BTLE_StackTick)
../../../../../../Library/Bluetooth_LE/library\libbluenrg1_stack.a(gap.o)
                              ../../../../../../Library/Bluetooth_LE/library\libbluenrg1_stack.a(bluenrg_gap_aci.o) (GAP_Create_Connection)
../../../../../../Library/Bluetooth_LE/library\libbluenrg1_stack.a(gatt_client.o)
                              ../../../../../../Library/Bluetooth_LE/library\libbluenrg1_stack.a(bluenrg_gatt_aci.o) (Gatt_Confirm_Indication)
../../../../../../Library/Bluetooth_LE/library\libbluenrg1_stack.a(gatt_server.o)
                              ../../../../../../Library/Bluetooth_LE/library\libbluenrg1_stack.a(gatt_client.o) (GATT_Send_Packet)
../../../../../../Library/Bluetooth_LE/library\libbluenrg1_stack.a(hal.o)
                              ../../../../../../Library/Bluetooth_LE/library\libbluenrg1_stack.a(bluenrg_hal_aci.o) (HAL_Read_ConfigData)
../../../../../../Library/Bluetooth_LE/library\libbluenrg1_stack.a(hci.o)
                              ../../../../../../Library/Bluetooth_LE/library\libbluenrg1_stack.a(bluenrg_main_func.o) (Controller_Process_Q)
../../../../../../Library/Bluetooth_LE/library\libbluenrg1_stack.a(host_timer.o)
                              User/sensor.o (HAL_VTimerStart_ms)
../../../../../../Library/Bluetooth_LE/library\libbluenrg1_stack.a(l2cap.o)
                              ../../../../../../Library/Bluetooth_LE/library\libbluenrg1_stack.a(bluenrg_main_func.o) (L2C_Init)
../../../../../../Library/Bluetooth_LE/library\libbluenrg1_stack.a(ll_isr.o)
                              User/BlueNRG1_it.o (RAL_Isr)
../../../../../../Library/Bluetooth_LE/library\libbluenrg1_stack.a(ll_privacy.o)
                              ../../../../../../Library/Bluetooth_LE/library\libbluenrg1_stack.a(hci.o) (LL_LE_Add_Device_To_White_List)
../../../../../../Library/Bluetooth_LE/library\libbluenrg1_stack.a(ll_routines.o)
                              ../../../../../../Library/Bluetooth_LE/library\libbluenrg1_stack.a(hci.o) (Disconnection_Offline_Processing)
../../../../../../Library/Bluetooth_LE/library\libbluenrg1_stack.a(ll_routines_master.o)
                              ../../../../../../Library/Bluetooth_LE/library\libbluenrg1_stack.a(gap.o) (LL_Create_Connection)
../../../../../../Library/Bluetooth_LE/library\libbluenrg1_stack.a(ll_routines_support.o)
                              ../../../../../../Library/Bluetooth_LE/library\libbluenrg1_stack.a(ll_privacy.o) (LL_Encrypt_Plain_Data)
../../../../../../Library/Bluetooth_LE/library\libbluenrg1_stack.a(mem_alloc.o)
                              ../../../../../../Library/Bluetooth_LE/library\libbluenrg1_stack.a(bluenrg_main_func.o) (_BlueNRG_Stack_Init_params)
../../../../../../Library/Bluetooth_LE/library\libbluenrg1_stack.a(mem_buff.o)
                              ../../../../../../Library/Bluetooth_LE/library\libbluenrg1_stack.a(l2cap.o) (Mem_Buff_Append)
../../../../../../Library/Bluetooth_LE/library\libbluenrg1_stack.a(multi_master_time.o)
                              ../../../../../../Library/Bluetooth_LE/library\libbluenrg1_stack.a(hci.o) (LL_Get_Anchor_Interval)
../../../../../../Library/Bluetooth_LE/library\libbluenrg1_stack.a(nvm.o)
                              ../../../../../../Library/Bluetooth_LE/library\libbluenrg1_stack.a(ll_isr.o) (Is_Flash_Write_On_Going)
../../../../../../Library/Bluetooth_LE/library\libbluenrg1_stack.a(pka.o)
                              ../../../../../../Library/Bluetooth_LE/library\libbluenrg1_stack.a(hci.o) (BLEPLAT_PKA_Get_Current_Operation)
../../../../../../Library/Bluetooth_LE/library\libbluenrg1_stack.a(pm.o)
                              ../../../../../../Library/Bluetooth_LE/library\libbluenrg1_stack.a(l2cap.o) (PM_Compact)
../../../../../../Library/Bluetooth_LE/library\libbluenrg1_stack.a(rom_att.o)
                              ../../../../../../Library/Bluetooth_LE/library\libbluenrg1_stack.a(gatt_client.o) (ATT_fill_exchg_mtu_req)
../../../../../../Library/Bluetooth_LE/library\libbluenrg1_stack.a(rom_gap.o)
                              ../../../../../../Library/Bluetooth_LE/library\libbluenrg1_stack.a(gap.o) (GAP_Add_To_WhiteList)
../../../../../../Library/Bluetooth_LE/library\libbluenrg1_stack.a(rom_gap_rom.o)
[...]
Memory Configuration

Name             Origin             Length             Attributes
REGION_RAM       0x20000000         0x00006000         xrw
REGION_FLASH_BOOTLOADER 0x10040000         0x00000000         xr
REGION_FLASH     0x10040000         0x0003f000         xr
REGION_NVM       0x1007f000         0x00001000         xr
REGION_ROM       0x10000000         0x00000800         xr
*default*        0x00000000         0xffffffff

Linker script and memory map

START GROUP
LOAD HAL/clock.o
LOAD HAL/context_switch.o
LOAD HAL/miscutil.o
LOAD HAL/osal.o
LOAD HAL/sleep.o
LOAD Library/BlueNRG1_adc.o
LOAD Library/BlueNRG1_dma.o
LOAD Library/BlueNRG1_flash.o
LOAD Library/BlueNRG1_gpio.o
LOAD Library/BlueNRG1_i2c.o
LOAD Library/BlueNRG1_mft.o
LOAD Library/BlueNRG1_pka.o
LOAD Library/BlueNRG1_rtc.o
LOAD Library/BlueNRG1_spi.o
LOAD Library/BlueNRG1_sysCtrl.o
LOAD Library/BlueNRG1_uart.o
LOAD Library/BlueNRG1_wdg.o
LOAD Library/misc.o
LOAD Platform_Layers/LPS25HB.o
LOAD Platform_Layers/LSM6DS3.o
LOAD Platform_Layers/SDK_EVAL_Button.o
LOAD Platform_Layers/SDK_EVAL_Com.o
LOAD Platform_Layers/SDK_EVAL_Config.o
LOAD Platform_Layers/SDK_EVAL_I2C.o
LOAD Platform_Layers/SDK_EVAL_Led.o
LOAD Platform_Layers/SDK_EVAL_SPI.o
LOAD Stack/stack_user_cfg.o
LOAD Startup/system_BlueNRG1.o
LOAD User/BlueNRG1_it.o
LOAD User/SensorDemo_main.o
LOAD User/gatt_db.o
LOAD User/sensor.o
LOAD ../../../../../../Library/Bluetooth_LE/library\libbluenrg1_stack.a
LOAD ../../../../../../Library/cryptolib\libcrypto.a
LOAD c:/wise-studio/tools/gcc-arm-none-eabi-9-2019-q4-major/bin/../lib/gcc/arm-none-eabi/9.2.1/../../../../arm-none-eabi/lib/thumb/v6-m/nofp\libm.a
LOAD c:/wise-studio/tools/gcc-arm-none-eabi-9-2019-q4-major/bin/../lib/gcc/arm-none-eabi/9.2.1/../../../../arm-none-eabi/lib/thumb/v6-m/nofp\libc_nano.a
END GROUP
                0x20000000                _MEMORY_RAM_BEGIN_ = 0x20000000
                0x00006000                _MEMORY_RAM_SIZE_ = 0x6000
                0x20005fff                _MEMORY_RAM_END_ = 0x20005fff
                0x10040000                _MEMORY_FLASH_BEGIN_ = 0x10040000
                0x00040000                _MEMORY_FLASH_SIZE_ = 0x40000
                0x1007ffff                _MEMORY_FLASH_END_ = 0x1007ffff
                0x10000000                _MEMORY_ROM_BEGIN_ = 0x10000000
                0x00000800                _MEMORY_ROM_SIZE_ = 0x800
                0x100007ff                _MEMORY_ROM_END_ = 0x100007ff
                0x00001000                FLASH_NVM_DATASIZE = 0x1000
                0x00000000                MEMORY_FLASH_APP_OFFSET = DEFINED (MEMORY_FLASH_APP_OFFSET)?MEMORY_FLASH_APP_OFFSET:0x0
                0x0003f000                MEMORY_FLASH_APP_SIZE = DEFINED (MEMORY_FLASH_APP_SIZE)?MEMORY_FLASH_APP_SIZE:((_MEMORY_FLASH_SIZE_ - FLASH_NVM_DATASIZE) - MEMORY_FLASH_APP_OFFSET)
                0x000002cc                MEMORY_RAM_APP_OFFSET = DEFINED (MEMORY_RAM_APP_OFFSET)?MEMORY_RAM_APP_OFFSET:0x2cc
                0x00000800                RESET_MANAGER_SIZE = DEFINED (RESET_MANAGER_SIZE)?RESET_MANAGER_SIZE:0x800
                0x0003f000                MEMORY_FLASH_APP_SIZE = DEFINED (ST_OTA_HIGHER_APPLICATION)?(((((_MEMORY_FLASH_SIZE_ - RESET_MANAGER_SIZE) - FLASH_NVM_DATASIZE) / 0x2) / 0x800) * 0x800):MEMORY_FLASH_APP_SIZE
                0x00000000                MEMORY_FLASH_APP_OFFSET = DEFINED (ST_OTA_HIGHER_APPLICATION)?(RESET_MANAGER_SIZE + MEMORY_FLASH_APP_SIZE):MEMORY_FLASH_APP_OFFSET
                0x0003f000                MEMORY_FLASH_APP_SIZE = DEFINED (ST_OTA_LOWER_APPLICATION)?(((((_MEMORY_FLASH_SIZE_ - RESET_MANAGER_SIZE) - FLASH_NVM_DATASIZE) / 0x2) / 0x800) * 0x800):MEMORY_FLASH_APP_SIZE
                0x00000000                MEMORY_FLASH_APP_OFFSET = DEFINED (ST_OTA_LOWER_APPLICATION)?RESET_MANAGER_SIZE:MEMORY_FLASH_APP_OFFSET
                0x00011800                SERVICE_MANAGER_SIZE = 0x11800
                0x0003f000                MEMORY_FLASH_APP_SIZE = DEFINED (ST_USE_OTA_SERVICE_MANAGER_APPLICATION)?((_MEMORY_FLASH_SIZE_ - SERVICE_MANAGER_SIZE) - FLASH_NVM_DATASIZE):MEMORY_FLASH_APP_SIZE
                0x00000000                MEMORY_FLASH_APP_OFFSET = DEFINED (ST_USE_OTA_SERVICE_MANAGER_APPLICATION)?SERVICE_MANAGER_SIZE:MEMORY_FLASH_APP_OFFSET
                0x00000000                _Min_Heap_Size = 0x0
                0x00000c00                _Min_Stack_Size = 0xc00

.bootloader     0x10040000        0x0
                0x10040000                . = ALIGN (0x4)
 *(.bootloader)
                0x10040000                . = ALIGN (0x4)

.intvec         0x10040000       0xc0
                0x10040000                . = ALIGN (0x4)
 *(.intvec)
 .intvec        0x10040000       0xc0 Startup/system_BlueNRG1.o
                0x10040000                __vector_table
                0x100400c0                . = ALIGN (0x4)

.text           0x100400c0    0x12d28
                0x100400c0                . = ALIGN (0x4)
 *(.cmd_call_table)
 *(.text)
 .text          0x100400c0       0xa0 HAL/context_switch.o
                0x100400c0                CS_contextSave
                0x10040112                CS_contextRestore
 .text          0x10040160      0x114 c:/wise-studio/tools/gcc-arm-none-eabi-9-2019-q4-major/bin/../lib/gcc/arm-none-eabi/9.2.1/thumb/v6-m/nofp\libgcc.a(_udivsi3.o)
                0x10040160                __aeabi_uidiv
                0x10040160                __udivsi3
                0x1004026c                __aeabi_uidivmod
 .text          0x10040274        0x4 c:/wise-studio/tools/gcc-arm-none-eabi-9-2019-q4-major/bin/../lib/gcc/arm-none-eabi/9.2.1/thumb/v6-m/nofp\libgcc.a(_dvmd_tls.o)
                0x10040274                __aeabi_idiv0
                0x10040274                __aeabi_ldiv0
 .text          0x10040278       0x74 c:/wise-studio/tools/gcc-arm-none-eabi-9-2019-q4-major/bin/../lib/gcc/arm-none-eabi/9.2.1/thumb/v6-m/nofp\libgcc.a(_arm_cmpsf2.o)
                0x10040278                __aeabi_cfrcmple
                0x10040280                __aeabi_cfcmpeq
                0x10040280                __aeabi_cfcmple
                0x10040290                __aeabi_fcmpeq
                0x1004029c                __aeabi_fcmplt
                0x100402b0                __aeabi_fcmple
                0x100402c4                __aeabi_fcmpgt
                0x100402d8                __aeabi_fcmpge
 .text          0x100402ec       0x78 c:/wise-studio/tools/gcc-arm-none-eabi-9-2019-q4-major/bin/../lib/gcc/arm-none-eabi/9.2.1/thumb/v6-m/nofp\libgcc.a(unaligned-funcs.o)
                0x100402ec                __aeabi_uread4
                0x10040304                __aeabi_uwrite4
                0x10040318                __aeabi_uread8
                0x10040344                __aeabi_uwrite8
 .text          0x10040364      0x338 c:/wise-studio/tools/gcc-arm-none-eabi-9-2019-q4-major/bin/../lib/gcc/arm-none-eabi/9.2.1/thumb/v6-m/nofp\libgcc.a(addsf3.o)
                0x10040364                __aeabi_fadd
 .text          0x1004069c      0x218 c:/wise-studio/tools/gcc-arm-none-eabi-9-2019-q4-major/bin/../lib/gcc/arm-none-eabi/9.2.1/thumb/v6-m/nofp\libgcc.a(divsf3.o)
                0x1004069c                __aeabi_fdiv
 .text          0x100408b4       0x50 c:/wise-studio/tools/gcc-arm-none-eabi-9-2019-q4-major/bin/../lib/gcc/arm-none-eabi/9.2.1/thumb/v6-m/nofp\libgcc.a(eqsf2.o)
                0x100408b4                __eqsf2
                0x100408b4                __nesf2
 .text          0x10040904       0x98 c:/wise-studio/tools/gcc-arm-none-eabi-9-2019-q4-major/bin/../lib/gcc/arm-none-eabi/9.2.1/thumb/v6-m/nofp\libgcc.a(gesf2.o)
                0x10040904                __gesf2
                0x10040904                __gtsf2
 .text          0x1004099c       0x94 c:/wise-studio/tools/gcc-arm-none-eabi-9-2019-q4-major/bin/../lib/gcc/arm-none-eabi/9.2.1/thumb/v6-m/nofp\libgcc.a(lesf2.o)
                0x1004099c                __ltsf2
                0x1004099c                __lesf2
 .text          0x10040a30      0x234 c:/wise-studio/tools/gcc-arm-none-eabi-9-2019-q4-major/bin/../lib/gcc/arm-none-eabi/9.2.1/thumb/v6-m/nofp\libgcc.a(mulsf3.o)
                0x10040a30                __aeabi_fmul
 .text          0x10040c64       0x40 c:/wise-studio/tools/gcc-arm-none-eabi-9-2019-q4-major/bin/../lib/gcc/arm-none-eabi/9.2.1/thumb/v6-m/nofp\libgcc.a(fixsfsi.o)
                0x10040c64                __aeabi_f2iz
 .text          0x10040ca4       0x8c c:/wise-studio/tools/gcc-arm-none-eabi-9-2019-q4-major/bin/../lib/gcc/arm-none-eabi/9.2.1/thumb/v6-m/nofp\libgcc.a(floatsisf.o)
                0x10040ca4                __aeabi_i2f
 .text          0x10040d30       0x78 c:/wise-studio/tools/gcc-arm-none-eabi-9-2019-q4-major/bin/../lib/gcc/arm-none-eabi/9.2.1/thumb/v6-m/nofp\libgcc.a(floatunsisf.o)
                0x10040d30                __aeabi_ui2f
 .text          0x10040da8       0x3c c:/wise-studio/tools/gcc-arm-none-eabi-9-2019-q4-major/bin/../lib/gcc/arm-none-eabi/9.2.1/thumb/v6-m/nofp\libgcc.a(_clzsi2.o)
                0x10040da8                __clzsi2
 *(.text*)
 .text.SysCount_Handler
                0x10040de4       0x10 HAL/clock.o
                0x10040de4                SysCount_Handler
 .text.HAL_GetPartInfo
                0x10040df4       0x64 HAL/miscutil.o
                0x10040df4                HAL_GetPartInfo
 .text.BLEPLAT_get_part_info
                0x10040e58       0x22 HAL/miscutil.o
                0x10040e58                BLEPLAT_get_part_info
 .text.Osal_MemCpy
                0x10040e7a        0x8 HAL/osal.o
                0x10040e7a                Osal_MemCpy
 .text.Osal_MemSet
                0x10040e82        0x8 HAL/osal.o
                0x10040e82                Osal_MemSet
 .text.Osal_MemCmp
                0x10040e8a        0x8 HAL/osal.o
                0x10040e8a                Osal_MemCmp
 .text.HAL_VTIMER_TimerSleepCheck
                0x10040e92        0x4 HAL/sleep.o
                0x10040e92                HAL_VTIMER_TimerSleepCheck
 *fill*         0x10040e96        0x2 
 .text.BlueNRG_Sleep
                0x10040e98      0x8ec HAL/sleep.o
                0x10040e98                BlueNRG_Sleep
 .text.FLASH_WaitCmdDone
                0x10041784       0x10 Library/BlueNRG1_flash.o
                0x10041784                FLASH_WaitCmdDone
 .text.FLASH_ErasePage
                0x10041794       0x30 Library/BlueNRG1_flash.o
                0x10041794                FLASH_ErasePage
 .text.FLASH_ProgramWord
                0x100417c4       0x30 Library/BlueNRG1_flash.o
                0x100417c4                FLASH_ProgramWord
 .text.GPIO_Init
                0x100417f4       0xda Library/BlueNRG1_gpio.o
                0x100417f4                GPIO_Init
 .text.GPIO_StructInit
                0x100418ce        0xa Library/BlueNRG1_gpio.o
                0x100418ce                GPIO_StructInit
 .text.GPIO_SetBits
                0x100418d8        0x8 Library/BlueNRG1_gpio.o
                0x100418d8                GPIO_SetBits
 .text.GPIO_ResetBits
                0x100418e0        0x8 Library/BlueNRG1_gpio.o
                0x100418e0                GPIO_ResetBits
 .text.GPIO_WriteBit
                0x100418e8       0x10 Library/BlueNRG1_gpio.o
                0x100418e8                GPIO_WriteBit
 .text.GPIO_ToggleBits
                0x100418f8        0xc Library/BlueNRG1_gpio.o
                0x100418f8                GPIO_ToggleBits
 .text.GPIO_EXTIConfig
                0x10041904       0x42 Library/BlueNRG1_gpio.o
                0x10041904                GPIO_EXTIConfig
 .text.GPIO_EXTICmd
                0x10041946       0x16 Library/BlueNRG1_gpio.o
                0x10041946                GPIO_EXTICmd
 .text.GPIO_ClearITPendingBit
                0x1004195c        0x8 Library/BlueNRG1_gpio.o
                0x1004195c                GPIO_ClearITPendingBit
 .text.GPIO_GetITPendingBit
                0x10041964       0x10 Library/BlueNRG1_gpio.o
                0x10041964                GPIO_GetITPendingBit
 .text.I2C_Init
                0x10041974       0xc8 Library/BlueNRG1_i2c.o
                0x10041974                I2C_Init
 .text.I2C_StructInit
                0x10041a3c       0x10 Library/BlueNRG1_i2c.o
                0x10041a3c                I2C_StructInit
 .text.I2C_BeginTransaction
                0x10041a4c       0x1e Library/BlueNRG1_i2c.o
                0x10041a4c                I2C_BeginTransaction
 .text.I2C_FillTxFIFO
                0x10041a6a        0x4 Library/BlueNRG1_i2c.o
                0x10041a6a                I2C_FillTxFIFO
 .text.I2C_ReceiveData
                0x10041a6e        0x6 Library/BlueNRG1_i2c.o
                0x10041a6e                I2C_ReceiveData
 .text.I2C_FlushTx
                0x10041a74        0xa Library/BlueNRG1_i2c.o
                0x10041a74                I2C_FlushTx
 .text.I2C_WaitFlushTx
                0x10041a7e        0xc Library/BlueNRG1_i2c.o
                0x10041a7e                I2C_WaitFlushTx
 .text.I2C_GetITStatus
                0x10041a8a        0xc Library/BlueNRG1_i2c.o
                0x10041a8a                I2C_GetITStatus
 .text.I2C_ClearITPendingBit
                0x10041a96        0x4 Library/BlueNRG1_i2c.o
                0x10041a96                I2C_ClearITPendingBit
 .text.I2C_GetStatus
                0x10041a9a        0x8 Library/BlueNRG1_i2c.o
                0x10041a9a                I2C_GetStatus
 .text.PKA_Reset
                0x10041aa2       0x14 Library/BlueNRG1_pka.o
                0x10041aa2                PKA_Reset
 *fill*         0x10041ab6        0x2 
 .text.SPI_SetBaudrate
                0x10041ab8       0x4c Library/BlueNRG1_spi.o
                0x10041ab8                SPI_SetBaudrate
 .text.SPI_Init
                0x10041b04       0x54 Library/BlueNRG1_spi.o
                0x10041b04                SPI_Init
 .text.SPI_StructInit
                0x10041b58       0x10 Library/BlueNRG1_spi.o
                0x10041b58                SPI_StructInit
 .text.SPI_Cmd  0x10041b68       0x1c Library/BlueNRG1_spi.o
                0x10041b68                SPI_Cmd
 .text.SPI_SendData
                0x10041b84        0xc Library/BlueNRG1_spi.o
                0x10041b84                SPI_SendData
 .text.SPI_ReceiveData
                0x10041b90        0xc Library/BlueNRG1_spi.o
                0x10041b90                SPI_ReceiveData
 .text.SPI_GetFlagStatus
                0x10041b9c       0x14 Library/BlueNRG1_spi.o
                0x10041b9c                SPI_GetFlagStatus
 .text.SPI_ClearRXFIFO
                0x10041bb0       0x18 Library/BlueNRG1_spi.o
                0x10041bb0                SPI_ClearRXFIFO
 .text.SPI_ClearTXFIFO
                0x10041bc8       0x30 Library/BlueNRG1_spi.o
                0x10041bc8                SPI_ClearTXFIFO
 .text.SPI_SetMasterCommunicationMode
                0x10041bf8       0x1c Library/BlueNRG1_spi.o
                0x10041bf8                SPI_SetMasterCommunicationMode
 .text.SPI_SetDummyCharacter
                0x10041c14        0xc Library/BlueNRG1_spi.o
                0x10041c14                SPI_SetDummyCharacter
 .text.SysCtrl_PeripheralClockCmd
                0x10041c20       0x18 Library/BlueNRG1_sysCtrl.o
                0x10041c20                SysCtrl_PeripheralClockCmd
 .text.SysCtrl_GetWakeupResetReason
                0x10041c38       0xac Library/BlueNRG1_sysCtrl.o
                0x10041c38                SysCtrl_GetWakeupResetReason
 .text.UART_Cmd
                0x10041ce4       0x1c Library/BlueNRG1_uart.o
                0x10041ce4                UART_Cmd
 .text.UART_Init
                0x10041d00      0x150 Library/BlueNRG1_uart.o
                0x10041d00                UART_Init
 .text.UART_GetFlagStatus
                0x10041e50       0x1c Library/BlueNRG1_uart.o
                0x10041e50                UART_GetFlagStatus
 .text.UART_RxFifoIrqLevelConfig
                0x10041e6c       0x18 Library/BlueNRG1_uart.o
                0x10041e6c                UART_RxFifoIrqLevelConfig
 .text.NVIC_Init
                0x10041e84       0x74 Library/misc.o
                0x10041e84                NVIC_Init
 .text.SystemSleepCmd
                0x10041ef8       0x1c Library/misc.o
                0x10041ef8                SystemSleepCmd
 .text.LPS25HB_SlaveAddrRemap
                0x10041f14       0x10 Platform_Layers/LPS25HB.o
 .text.LPS25HB_GetTemperature
                0x10041f24       0x4c Platform_Layers/LPS25HB.o
 .text.LPS25HB_RebootCmd
                0x10041f70       0x40 Platform_Layers/LPS25HB.o
 .text.LPS25HB_PowerOff
                0x10041fb0       0x40 Platform_Layers/LPS25HB.o
 .text.LPS25HB_Init
                0x10041ff0       0xd4 Platform_Layers/LPS25HB.o
 .text.LPS25HB_ReadID
                0x100420c4       0x20 Platform_Layers/LPS25HB.o
 .text.LPS25HB_GetPressure
                0x100420e4       0x50 Platform_Layers/LPS25HB.o
 .text.LSM6DS3_G_Get_FS
                0x10042134       0x78 Platform_Layers/LSM6DS3.o
 .text.LSM6DS3_G_GetSensitivity
                0x100421ac       0x78 Platform_Layers/LSM6DS3.o
 .text.LSM6DS3_G_Get_ODR
                0x10042224       0x98 Platform_Layers/LSM6DS3.o
 .text.LSM6DS3_X_Get_FS
                0x100422bc       0x4e Platform_Layers/LSM6DS3.o
 *fill*         0x1004230a        0x2 
 .text.LSM6DS3_X_GetSensitivity
                0x1004230c       0x5c Platform_Layers/LSM6DS3.o
 .text.LSM6DS3_X_Get_ODR
                0x10042368       0xb0 Platform_Layers/LSM6DS3.o
 .text.LSM6DS3_G_GetAxesRaw
                0x10042418       0x58 Platform_Layers/LSM6DS3.o
 .text.LSM6DS3_G_GetAxes
                0x10042470       0x68 Platform_Layers/LSM6DS3.o
 .text.LSM6DS3_X_GetAxesRaw
                0x100424d8       0x58 Platform_Layers/LSM6DS3.o
 .text.LSM6DS3_X_GetAxes
                0x10042530       0x68 Platform_Layers/LSM6DS3.o
 .text.LSM6DS3_Get_Status_Free_Fall_Detection
                0x10042598       0x30 Platform_Layers/LSM6DS3.o
 .text.LSM6DS3_G_Set_FS
                0x100425c8       0xb8 Platform_Layers/LSM6DS3.o
 .text.LSM6DS3_G_Set_ODR
                0x10042680       0xc4 Platform_Layers/LSM6DS3.o
 .text.LSM6DS3_X_Set_FS
                0x10042744       0x66 Platform_Layers/LSM6DS3.o
 *fill*         0x100427aa        0x2 
 .text.LSM6DS3_X_Set_ODR
                0x100427ac       0xe8 Platform_Layers/LSM6DS3.o
 .text.LSM6DS3_Disable_Free_Fall_Detection
                0x10042894       0x54 Platform_Layers/LSM6DS3.o
 .text.LSM6DS3_Enable_Free_Fall_Detection
                0x100428e8       0x9e Platform_Layers/LSM6DS3.o
 *fill*         0x10042986        0x2 
 .text.LSM6DS3_Init
                0x10042988      0x264 Platform_Layers/LSM6DS3.o
 .text.LSM6DS3_Read_XG_ID
                0x10042bec       0x16 Platform_Layers/LSM6DS3.o
 *fill*         0x10042c02        0x2 
 .text.SdkEvalComUartInit
                0x10042c04       0x94 Platform_Layers/SDK_EVAL_Com.o
                0x10042c04                SdkEvalComUartInit
 .text.SdkEvalComIOTxFifoNotEmpty
                0x10042c98       0x10 Platform_Layers/SDK_EVAL_Com.o
                0x10042c98                SdkEvalComIOTxFifoNotEmpty
 .text.SdkEvalComUARTBusy
                0x10042ca8       0x12 Platform_Layers/SDK_EVAL_Com.o
                0x10042ca8                SdkEvalComUARTBusy
 .text.__aeabi_memcpy
                0x10042cba        0x8 Platform_Layers/SDK_EVAL_Com.o
                0x10042cba                __aeabi_memcpy
 .text.__aeabi_memcpy4
                0x10042cc2        0x8 Platform_Layers/SDK_EVAL_Com.o
                0x10042cc2                __aeabi_memcpy4
 .text.__aeabi_memclr
                0x10042cca        0xc Platform_Layers/SDK_EVAL_Com.o
                0x10042cca                __aeabi_memclr
 .text.__aeabi_memclr4
                0x10042cd6        0x8 Platform_Layers/SDK_EVAL_Com.o
                0x10042cd6                __aeabi_memclr4
 *fill*         0x10042cde        0x2 
 .text.SdkEvalIdentification
                0x10042ce0        0xc Platform_Layers/SDK_EVAL_Config.o
                0x10042ce0                SdkEvalIdentification
 .text.SdkEvalGetVersion
                0x10042cec        0xc Platform_Layers/SDK_EVAL_Config.o
                0x10042cec                SdkEvalGetVersion
 .text.SdkEvalI2CInit
                0x10042cf8       0xc8 Platform_Layers/SDK_EVAL_I2C.o
                0x10042cf8                SdkEvalI2CInit
 .text.SdkEvalI2CWrite
                0x10042dc0       0xcc Platform_Layers/SDK_EVAL_I2C.o
                0x10042dc0                SdkEvalI2CWrite
 .text.SdkEvalI2CRead
                0x10042e8c      0x128 Platform_Layers/SDK_EVAL_I2C.o
                0x10042e8c                SdkEvalI2CRead
 .text.Get_LedGpioPin
                0x10042fb4       0x40 Platform_Layers/SDK_EVAL_Led.o
                0x10042fb4                Get_LedGpioPin
 .text.SdkEvalLedOn
                0x10042ff4        0xe Platform_Layers/SDK_EVAL_Led.o
                0x10042ff4                SdkEvalLedOn
 .text.SdkEvalLedOff
                0x10043002        0xe Platform_Layers/SDK_EVAL_Led.o
                0x10043002                SdkEvalLedOff
 .text.SdkEvalLedInit
                0x10043010       0x30 Platform_Layers/SDK_EVAL_Led.o
                0x10043010                SdkEvalLedInit
 .text.SdkEvalLedToggle
                0x10043040        0xc Platform_Layers/SDK_EVAL_Led.o
                0x10043040                SdkEvalLedToggle
 .text.SdkEvalSpiInit
                0x1004304c       0xf8 Platform_Layers/SDK_EVAL_SPI.o
                0x1004304c                SdkEvalSpiInit
 .text.SdkEvalSpiRead
                0x10043144       0x88 Platform_Layers/SDK_EVAL_SPI.o
                0x10043144                SdkEvalSpiRead
 .text.SdkEvalSpiWrite
                0x100431cc       0x54 Platform_Layers/SDK_EVAL_SPI.o
                0x100431cc                SdkEvalSpiWrite
 .text.PKA_Handler
                0x10043220        0x2 Startup/system_BlueNRG1.o
                0x10043220                PKA_Handler
 .text.PendSV_Handler
                0x10043222        0x2 Startup/system_BlueNRG1.o
                0x10043222                PendSV_Handler
 .text.NVM_Handler
                0x10043224        0x2 Startup/system_BlueNRG1.o
                0x10043224                NVM_Handler
 .text.SPI_Handler
                0x10043226        0x2 Startup/system_BlueNRG1.o
                0x10043226                SPI_Handler
 .text.MFT1A_Handler
                0x10043228        0x2 Startup/system_BlueNRG1.o
                0x10043228                MFT1A_Handler
 .text.MFT1B_Handler
                0x1004322a        0x2 Startup/system_BlueNRG1.o
                0x1004322a                MFT1B_Handler
 .text.MFT2A_Handler
                0x1004322c        0x2 Startup/system_BlueNRG1.o
                0x1004322c                MFT2A_Handler
 .text.MFT2B_Handler
                0x1004322e        0x2 Startup/system_BlueNRG1.o
                0x1004322e                MFT2B_Handler
 .text.RTC_Handler
                0x10043230        0x2 Startup/system_BlueNRG1.o
                0x10043230                RTC_Handler
 .text.WDG_Handler
                0x10043232        0x2 Startup/system_BlueNRG1.o
                0x10043232                WDG_Handler
 .text.ADC_Handler
                0x10043234        0x2 Startup/system_BlueNRG1.o
                0x10043234                ADC_Handler
 .text.I2C2_Handler
                0x10043236        0x2 Startup/system_BlueNRG1.o
                0x10043236                I2C2_Handler
 .text.I2C1_Handler
                0x10043238        0x2 Startup/system_BlueNRG1.o
                0x10043238                I2C1_Handler
 .text.DMA_Handler
                0x1004323a        0x2 Startup/system_BlueNRG1.o
                0x1004323a                DMA_Handler
 .text.Set_RF_FrontEnd
                0x1004323c       0x4c Startup/system_BlueNRG1.o
                0x1004323c                Set_RF_FrontEnd
 .text.BOR_ConfigSave
                0x10043288       0x48 Startup/system_BlueNRG1.o
                0x10043288                BOR_ConfigSave
 .text.SET_BORconfigStatus
                0x100432d0       0x40 Startup/system_BlueNRG1.o
                0x100432d0                SET_BORconfigStatus
 .text.__low_level_init
                0x10043310       0xbc Startup/system_BlueNRG1.o
                0x10043310                __low_level_init
 .text.RESET_HANDLER
                0x100433cc       0x80 Startup/system_BlueNRG1.o
                0x100433cc                RESET_HANDLER
 .text.DeviceConfiguration
                0x1004344c      0x144 Startup/system_BlueNRG1.o
                0x1004344c                DeviceConfiguration
 .text.SystemInit
                0x10043590      0x114 Startup/system_BlueNRG1.o
                0x10043590                SystemInit
 .text.NMI_Handler
                0x100436a4        0x2 User/BlueNRG1_it.o
                0x100436a4                NMI_Handler
 .text.HardFault_Handler
                0x100436a6        0x2 User/BlueNRG1_it.o
                0x100436a6                HardFault_Handler
 .text.SVC_Handler
                0x100436a8        0x2 User/BlueNRG1_it.o
                0x100436a8                SVC_Handler
 .text.SysTick_Handler
                0x100436aa        0x8 User/BlueNRG1_it.o
                0x100436aa                SysTick_Handler
 *fill*         0x100436b2        0x2 
 .text.GPIO_Handler
                0x100436b4       0x4c User/BlueNRG1_it.o
                0x100436b4                GPIO_Handler
 .text.UART_Handler
                0x10043700        0x2 User/BlueNRG1_it.o
                0x10043700                UART_Handler
 .text.Blue_Handler
                0x10043702        0x8 User/BlueNRG1_it.o
                0x10043702                Blue_Handler
 *fill*         0x1004370a        0x2 
 .text.startup.main
                0x1004370c       0x5c User/SensorDemo_main.o
                0x1004370c                main
 .text.hci_hardware_error_event
                0x10043768       0x18 User/SensorDemo_main.o
                0x10043768                hci_hardware_error_event
 .text.aci_hal_fw_error_event
                0x10043780       0x16 User/SensorDemo_main.o
                0x10043780                aci_hal_fw_error_event
 *fill*         0x10043796        0x2 
 .text.App_SleepMode_Check
                0x10043798       0x28 User/SensorDemo_main.o
                0x10043798                App_SleepMode_Check
 .text.GetAccAxesRaw
                0x100437c0       0x10 User/gatt_db.o
                0x100437c0                GetAccAxesRaw
 .text.GetFreeFallStatus
                0x100437d0       0x24 User/gatt_db.o
                0x100437d0                GetFreeFallStatus
 .text.Add_Acc_Service
                0x100437f4       0xf4 User/gatt_db.o
                0x100437f4                Add_Acc_Service
 .text.Free_Fall_Notify
                0x100438e8       0x3c User/gatt_db.o
                0x100438e8                Free_Fall_Notify
 .text.Acc_Update
                0x10043924       0x54 User/gatt_db.o
                0x10043924                Acc_Update
 .text.Add_Environmental_Sensor_Service
                0x10043978      0x1a8 User/gatt_db.o
                0x10043978                Add_Environmental_Sensor_Service
 .text.Temp_Update
                0x10043b20       0x40 User/gatt_db.o
                0x10043b20                Temp_Update
 .text.Press_Update
                0x10043b60       0x3c User/gatt_db.o
                0x10043b60                Press_Update
 .text.Read_Request_CB
                0x10043b9c       0xa8 User/gatt_db.o
                0x10043b9c                Read_Request_CB
 .text.Init_Accelerometer
                0x10043c44       0x6c User/sensor.o
                0x10043c44                Init_Accelerometer
 .text.Init_Pressure_Temperature_Sensor
                0x10043cb0       0x2c User/sensor.o
                0x10043cb0                Init_Pressure_Temperature_Sensor
 .text.Sensor_DeviceInit
                0x10043cdc       0xcc User/sensor.o
                0x10043cdc                Sensor_DeviceInit
 .text.Set_DeviceConnectable
                0x10043da8       0x4c User/sensor.o
                0x10043da8                Set_DeviceConnectable
 .text.APP_Tick
                0x10043df4       0x74 User/sensor.o
                0x10043df4                APP_Tick
 .text.hci_le_connection_complete_event
                0x10043e68       0x14 User/sensor.o
                0x10043e68                hci_le_connection_complete_event
 .text.hci_disconnection_complete_event
                0x10043e7c       0x24 User/sensor.o
                0x10043e7c                hci_disconnection_complete_event
 .text.aci_gatt_read_permit_req_event
                0x10043ea0        0xa User/sensor.o
                0x10043ea0                aci_gatt_read_permit_req_event
 *fill*         0x10043eaa        0x2 
 .text.HAL_VTimerTimeoutCallback
                0x10043eac       0x10 User/sensor.o
                0x10043eac                HAL_VTimerTimeoutCallback
 .text.aci_gatt_attribute_modified_event
                0x10043ebc        0x2 User/sensor.o
                0x10043ebc                aci_gatt_attribute_modified_event
 .text.aci_hal_end_of_radio_activity_event
                0x10043ebe        0x2 User/sensor.o
                0x10043ebe                aci_hal_end_of_radio_activity_event
 .text.__aeabi_memmove
                0x10043ec0        0x8 c:/wise-studio/tools/gcc-arm-none-eabi-9-2019-q4-major/bin/../lib/gcc/arm-none-eabi/9.2.1/../../../../arm-none-eabi/lib/thumb/v6-m/nofp\libc_nano.a(lib_a-aeabi_memmove.o)
                0x10043ec0                __aeabi_memmove
                0x10043ec0                __aeabi_memmove4
                0x10043ec0                __aeabi_memmove8
 .text.memcmp   0x10043ec8       0x1c c:/wise-studio/tools/gcc-arm-none-eabi-9-2019-q4-major/bin/../lib/gcc/arm-none-eabi/9.2.1/../../../../arm-none-eabi/lib/thumb/v6-m/nofp\libc_nano.a(lib_a-memcmp.o)
                0x10043ec8                memcmp
 .text.memcpy   0x10043ee4       0x12 c:/wise-studio/tools/gcc-arm-none-eabi-9-2019-q4-major/bin/../lib/gcc/arm-none-eabi/9.2.1/../../../../arm-none-eabi/lib/thumb/v6-m/nofp\libc_nano.a(lib_a-memcpy-stub.o)
                0x10043ee4                memcpy
 .text.memmove  0x10043ef6       0x26 c:/wise-studio/tools/gcc-arm-none-eabi-9-2019-q4-major/bin/../lib/gcc/arm-none-eabi/9.2.1/../../../../arm-none-eabi/lib/thumb/v6-m/nofp\libc_nano.a(lib_a-memmove.o)
                0x10043ef6                memmove
 .text.memset   0x10043f1c       0x10 c:/wise-studio/tools/gcc-arm-none-eabi-9-2019-q4-major/bin/../lib/gcc/arm-none-eabi/9.2.1/../../../../arm-none-eabi/lib/thumb/v6-m/nofp\libc_nano.a(lib_a-memset.o)
                0x10043f1c                memset
 *(i.*)
 i._aci_gap_set_discoverable_param_check
                0x10043f2c       0x5c ../../../../../../Library/Bluetooth_LE/library\libbluenrg1_stack.a(bluenrg_gap_aci.o)
 i.aci_gap_init
                0x10043f88       0x30 ../../../../../../Library/Bluetooth_LE/library\libbluenrg1_stack.a(bluenrg_gap_aci.o)
                0x10043f88                aci_gap_init
 i.aci_gap_set_authentication_requirement
                0x10043fb8       0x94 ../../../../../../Library/Bluetooth_LE/library\libbluenrg1_stack.a(bluenrg_gap_aci.o)
                0x10043fb8                aci_gap_set_authentication_requirement
 i.aci_gap_set_discoverable
                0x1004404c       0x42 ../../../../../../Library/Bluetooth_LE/library\libbluenrg1_stack.a(bluenrg_gap_aci.o)
                0x1004404c                aci_gap_set_discoverable
 i.aci_gap_terminate
                0x1004408e        0x8 ../../../../../../Library/Bluetooth_LE/library\libbluenrg1_stack.a(bluenrg_gap_aci.o)
                0x1004408e                aci_gap_terminate
 i._load_uuid   0x10044096       0x26 ../../../../../../Library/Bluetooth_LE/library\libbluenrg1_stack.a(bluenrg_gatt_aci.o)
 i.aci_gatt_add_char
                0x100440bc       0x3e ../../../../../../Library/Bluetooth_LE/library\libbluenrg1_stack.a(bluenrg_gatt_aci.o)
                0x100440bc                aci_gatt_add_char
 i.aci_gatt_add_char_desc
                0x100440fa       0x50 ../../../../../../Library/Bluetooth_LE/library\libbluenrg1_stack.a(bluenrg_gatt_aci.o)
                0x100440fa                aci_gatt_add_char_desc
 i.aci_gatt_add_service
                0x1004414a       0x36 ../../../../../../Library/Bluetooth_LE/library\libbluenrg1_stack.a(bluenrg_gatt_aci.o)
                0x1004414a                aci_gatt_add_service
 i.aci_gatt_allow_read
                0x10044180        0xc ../../../../../../Library/Bluetooth_LE/library\libbluenrg1_stack.a(bluenrg_gatt_aci.o)
                0x10044180                aci_gatt_allow_read
 i.aci_gatt_init
                0x1004418c        0x8 ../../../../../../Library/Bluetooth_LE/library\libbluenrg1_stack.a(bluenrg_gatt_aci.o)
                0x1004418c                aci_gatt_init
 i.aci_gatt_update_char_value_ext
                0x10044194       0x22 ../../../../../../Library/Bluetooth_LE/library\libbluenrg1_stack.a(bluenrg_gatt_aci.o)
                0x10044194                aci_gatt_update_char_value_ext
 i.aci_hal_set_tx_power_level
                0x100441b6        0x8 ../../../../../../Library/Bluetooth_LE/library\libbluenrg1_stack.a(bluenrg_hal_aci.o)
                0x100441b6                aci_hal_set_tx_power_level
 i.aci_hal_write_config_data
                0x100441be        0x8 ../../../../../../Library/Bluetooth_LE/library\libbluenrg1_stack.a(bluenrg_hal_aci.o)
                0x100441be                aci_hal_write_config_data
 *fill*         0x100441c6        0x2 
 i.BTLE_StackTick
                0x100441c8       0x84 ../../../../../../Library/Bluetooth_LE/library\libbluenrg1_stack.a(bluenrg_main_func.o)
                0x100441c8                BTLE_StackTick
 i.BlueNRG_Stack_Initialization
                0x1004424c       0x44 ../../../../../../Library/Bluetooth_LE/library\libbluenrg1_stack.a(bluenrg_main_func.o)
                0x1004424c                BlueNRG_Stack_Initialization
 i.BlueNRG_Stack_Initialize_ConfigData
                0x10044290       0x64 ../../../../../../Library/Bluetooth_LE/library\libbluenrg1_stack.a(bluenrg_main_func.o)
 i.BlueNRG_Stack_Initialize_Layers
                0x100442f4       0x8c ../../../../../../Library/Bluetooth_LE/library\libbluenrg1_stack.a(bluenrg_main_func.o)
 i.BlueNRG_Stack_Initialize_RAM_check
                0x10044380       0x80 ../../../../../../Library/Bluetooth_LE/library\libbluenrg1_stack.a(bluenrg_main_func.o)
                0x10044380                BlueNRG_Stack_Initialize_RAM_check
 i.BlueNRG_Stack_Perform_Crystal_Check
                0x10044400       0xc4 ../../../../../../Library/Bluetooth_LE/library\libbluenrg1_stack.a(bluenrg_main_func.o)
 i.BlueNRG_Start_Crystal_Measurement
                0x100444c4       0x1c ../../../../../../Library/Bluetooth_LE/library\libbluenrg1_stack.a(bluenrg_main_func.o)
 i._BlueNRG_Stack_Initialization
                0x100444e0       0xe8 ../../../../../../Library/Bluetooth_LE/library\libbluenrg1_stack.a(bluenrg_main_func.o)
                0x100444e0                _BlueNRG_Stack_Initialization
 i.GAP_Connection_Complete_Handler
                0x100445c8       0x68 ../../../../../../Library/Bluetooth_LE/library\libbluenrg1_stack.a(gap.o)
                0x100445c8                GAP_Connection_Complete_Handler
 i.GAP_DiscProcTimeoutcb_ucfg
                0x10044630        0x2 ../../../../../../Library/Bluetooth_LE/library\libbluenrg1_stack.a(gap.o)
                0x10044630                GAP_DiscProcTimeoutcb_ucfg
 *fill*         0x10044632        0x2 
 i.GAP_Init     0x10044634      0x1fc ../../../../../../Library/Bluetooth_LE/library\libbluenrg1_stack.a(gap.o)
                0x10044634                GAP_Init
 i.GAP_Init_Context
                0x10044830       0x14 ../../../../../../Library/Bluetooth_LE/library\libbluenrg1_stack.a(gap.o)
                0x10044830                GAP_Init_Context
 i.GAP_LL_Event_Handler_ISR
                0x10044844       0x68 ../../../../../../Library/Bluetooth_LE/library\libbluenrg1_stack.a(gap.o)
                0x10044844                GAP_LL_Event_Handler_ISR
 i.GAP_LimDiscTimeoutcb
                0x100448ac       0x2c ../../../../../../Library/Bluetooth_LE/library\libbluenrg1_stack.a(gap.o)
                0x100448ac                GAP_LimDiscTimeoutcb
 i.GAP_Process_Q
                0x100448d8       0x40 ../../../../../../Library/Bluetooth_LE/library\libbluenrg1_stack.a(gap.o)
                0x100448d8                GAP_Process_Q
 i.GAP_Set_Discoverable_Mode
                0x10044918       0x38 ../../../../../../Library/Bluetooth_LE/library\libbluenrg1_stack.a(gap.o)
                0x10044918                GAP_Set_Discoverable_Mode
 i.GAP_check_and_set_role_ucfg
                0x10044950       0x1c ../../../../../../Library/Bluetooth_LE/library\libbluenrg1_stack.a(gap.o)
                0x10044950                GAP_check_and_set_role_ucfg
 i.GAP_discover_peer_name_ucfg
                0x1004496c        0x2 ../../../../../../Library/Bluetooth_LE/library\libbluenrg1_stack.a(gap.o)
                0x1004496c                GAP_discover_peer_name_ucfg
 i.GAP_enable_controller_privacy_ucfg
                0x1004496e        0x4 ../../../../../../Library/Bluetooth_LE/library\libbluenrg1_stack.a(gap.o)
                0x1004496e                GAP_enable_controller_privacy_ucfg
 *fill*         0x10044972        0x2 
 i._GAP_Parse_Advertising_Report
                0x10044974       0x6c ../../../../../../Library/Bluetooth_LE/library\libbluenrg1_stack.a(gap.o)
 i._gap_set_discoverable_connectable
                0x100449e0      0x174 ../../../../../../Library/Bluetooth_LE/library\libbluenrg1_stack.a(gap.o)
                0x100449e0                _gap_set_discoverable_connectable
 i.aci_gap_limited_discoverable_event_push
                0x10044b54       0x50 ../../../../../../Library/Bluetooth_LE/library\libbluenrg1_stack.a(gap.o)
 i.aci_gap_proc_complete_event_push
                0x10044ba4       0x74 ../../../../../../Library/Bluetooth_LE/library\libbluenrg1_stack.a(gap.o)
 i.advParamsCheckAndSet
                0x10044c18       0x8c ../../../../../../Library/Bluetooth_LE/library\libbluenrg1_stack.a(gap.o)
                0x10044c18                advParamsCheckAndSet
 i.gapClearAllModeFlags
                0x10044ca4       0x14 ../../../../../../Library/Bluetooth_LE/library\libbluenrg1_stack.a(gap.o)
                0x10044ca4                gapClearAllModeFlags
 i.setGapAdvData
                0x10044cb8      0x104 ../../../../../../Library/Bluetooth_LE/library\libbluenrg1_stack.a(gap.o)
                0x10044cb8                setGapAdvData
 i.Find_Gatt_Client
                0x10044dbc       0x3c ../../../../../../Library/Bluetooth_LE/library\libbluenrg1_stack.a(gatt_client.o)
                0x10044dbc                Find_Gatt_Client
 i.Build_Notif_Or_Ind
                0x10044df8       0x3e ../../../../../../Library/Bluetooth_LE/library\libbluenrg1_stack.a(gatt_server.o)
                0x10044df8                Build_Notif_Or_Ind
 *fill*         0x10044e36        0x2 
 i.Check_For_Service_Change
                0x10044e38      0x34c ../../../../../../Library/Bluetooth_LE/library\libbluenrg1_stack.a(gatt_server.o)
                0x10044e38                Check_For_Service_Change
 i.Find_Attr_Index
                0x10045184       0x50 ../../../../../../Library/Bluetooth_LE/library\libbluenrg1_stack.a(gatt_server.o)
                0x10045184                Find_Attr_Index
 i.Find_Timed_Out_Connection
                0x100451d4       0x20 ../../../../../../Library/Bluetooth_LE/library\libbluenrg1_stack.a(gatt_server.o)
                0x100451d4                Find_Timed_Out_Connection
 i.GATT_Connection_Complete_Handler
                0x100451f4       0x44 ../../../../../../Library/Bluetooth_LE/library\libbluenrg1_stack.a(gatt_server.o)
                0x100451f4                GATT_Connection_Complete_Handler
 i.GATT_Send_Packet
                0x10045238       0x2c ../../../../../../Library/Bluetooth_LE/library\libbluenrg1_stack.a(gatt_server.o)
                0x10045238                GATT_Send_Packet
 i.GATT_Server_Set_Flag
                0x10045264       0x18 ../../../../../../Library/Bluetooth_LE/library\libbluenrg1_stack.a(gatt_server.o)
 i.GATT_TimeOut_Handler
                0x1004527c       0x1a ../../../../../../Library/Bluetooth_LE/library\libbluenrg1_stack.a(gatt_server.o)
                0x1004527c                GATT_TimeOut_Handler
 *fill*         0x10045296        0x2 
 i.Gatt_Add_Charac_Desc
                0x10045298      0x160 ../../../../../../Library/Bluetooth_LE/library\libbluenrg1_stack.a(gatt_server.o)
                0x10045298                Gatt_Add_Charac_Desc
 i.Gatt_Add_Characteristic
                0x100453f8      0x33c ../../../../../../Library/Bluetooth_LE/library\libbluenrg1_stack.a(gatt_server.o)
                0x100453f8                Gatt_Add_Characteristic
 i.Gatt_Add_Descriptor
                0x10045734      0x158 ../../../../../../Library/Bluetooth_LE/library\libbluenrg1_stack.a(gatt_server.o)
                0x10045734                Gatt_Add_Descriptor
 i.Gatt_Add_Service
                0x1004588c      0x160 ../../../../../../Library/Bluetooth_LE/library\libbluenrg1_stack.a(gatt_server.o)
                0x1004588c                Gatt_Add_Service
 i.Gatt_Appl_Auth_For_Read
                0x100459ec       0xe8 ../../../../../../Library/Bluetooth_LE/library\libbluenrg1_stack.a(gatt_server.o)
                0x100459ec                Gatt_Appl_Auth_For_Read
 i.Gatt_Find_Srv_From_Handle
                0x10045ad4       0x2c ../../../../../../Library/Bluetooth_LE/library\libbluenrg1_stack.a(gatt_server.o)
                0x10045ad4                Gatt_Find_Srv_From_Handle
 i.Gatt_Find_Srv_Owner_Of_Handle
                0x10045b00       0x48 ../../../../../../Library/Bluetooth_LE/library\libbluenrg1_stack.a(gatt_server.o)
                0x10045b00                Gatt_Find_Srv_Owner_Of_Handle
 i.Gatt_Find_Timed_Out_Connection_Index
                0x10045b48       0x38 ../../../../../../Library/Bluetooth_LE/library\libbluenrg1_stack.a(gatt_server.o)
                0x10045b48                Gatt_Find_Timed_Out_Connection_Index
 i.Gatt_Flush_Pending_AclPacket_Lists
                0x10045b80       0x34 ../../../../../../Library/Bluetooth_LE/library\libbluenrg1_stack.a(gatt_server.o)
 i.Gatt_Process_Q
                0x10045bb4      0x19c ../../../../../../Library/Bluetooth_LE/library\libbluenrg1_stack.a(gatt_server.o)
                0x10045bb4                Gatt_Process_Q
 i.Gatt_Reset_To_Closed_State
                0x10045d50       0xfc ../../../../../../Library/Bluetooth_LE/library\libbluenrg1_stack.a(gatt_server.o)
 i.Gatt_Server_Db_Check
                0x10045e4c       0x38 ../../../../../../Library/Bluetooth_LE/library\libbluenrg1_stack.a(gatt_server.o)
                0x10045e4c                Gatt_Server_Db_Check
 i.Gatt_Server_Init
                0x10045e84      0x194 ../../../../../../Library/Bluetooth_LE/library\libbluenrg1_stack.a(gatt_server.o)
                0x10045e84                Gatt_Server_Init
 i.Gatt_Server_L2C_Handler
                0x10046018      0x21c ../../../../../../Library/Bluetooth_LE/library\libbluenrg1_stack.a(gatt_server.o)
                0x10046018                Gatt_Server_L2C_Handler
 i.Gatt_Server_L2C_Handler_ISR
                0x10046234       0x4c ../../../../../../Library/Bluetooth_LE/library\libbluenrg1_stack.a(gatt_server.o)
                0x10046234                Gatt_Server_L2C_Handler_ISR
 i.Gatt_Store_Server_Database_And_Reset_CCCD
                0x10046280      0x170 ../../../../../../Library/Bluetooth_LE/library\libbluenrg1_stack.a(gatt_server.o)
 i.Gatt_Update_Charac_Value
                0x100463f0       0x68 ../../../../../../Library/Bluetooth_LE/library\libbluenrg1_stack.a(gatt_server.o)
                0x100463f0                Gatt_Update_Charac_Value
 i.Gatt_Update_Charac_Value_Ext
                0x10046458      0x390 ../../../../../../Library/Bluetooth_LE/library\libbluenrg1_stack.a(gatt_server.o)
                0x10046458                Gatt_Update_Charac_Value_Ext
 i.Gatt_fetch_handle
                0x100467e8       0x3c ../../../../../../Library/Bluetooth_LE/library\libbluenrg1_stack.a(gatt_server.o)
                0x100467e8                Gatt_fetch_handle
 i.Gatt_search_handle
                0x10046824       0x1e ../../../../../../Library/Bluetooth_LE/library\libbluenrg1_stack.a(gatt_server.o)
                0x10046824                Gatt_search_handle
 *fill*         0x10046842        0x2 
 i.Gatt_search_service_handle
                0x10046844       0x30 ../../../../../../Library/Bluetooth_LE/library\libbluenrg1_stack.a(gatt_server.o)
                0x10046844                Gatt_search_service_handle
 i.Ind_Service_Change_Charac
                0x10046874       0x48 ../../../../../../Library/Bluetooth_LE/library\libbluenrg1_stack.a(gatt_server.o)
                0x10046874                Ind_Service_Change_Charac
 i.Pm_Resize_Host_Acl_Pckt
                0x100468bc        0xe ../../../../../../Library/Bluetooth_LE/library\libbluenrg1_stack.a(gatt_server.o)
 *fill*         0x100468ca        0x2 
 i.Process_Peer_Client_Data
                0x100468cc      0x1f8 ../../../../../../Library/Bluetooth_LE/library\libbluenrg1_stack.a(gatt_server.o)
                0x100468cc                Process_Peer_Client_Data
 i.Process_Peer_Server_Data
                0x10046ac4      0x16c ../../../../../../Library/Bluetooth_LE/library\libbluenrg1_stack.a(gatt_server.o)
                0x10046ac4                Process_Peer_Server_Data
 i.Select_Next_Notification_Client
                0x10046c30       0x50 ../../../../../../Library/Bluetooth_LE/library\libbluenrg1_stack.a(gatt_server.o)
                0x10046c30                Select_Next_Notification_Client
 i.Send_Notif_Or_Ind
                0x10046c80       0x4c ../../../../../../Library/Bluetooth_LE/library\libbluenrg1_stack.a(gatt_server.o)
                0x10046c80                Send_Notif_Or_Ind
 i.aci_gatt_indication_event_push
                0x10046ccc       0x90 ../../../../../../Library/Bluetooth_LE/library\libbluenrg1_stack.a(gatt_server.o)
 i.aci_gatt_notification_event_push
                0x10046d5c       0x90 ../../../../../../Library/Bluetooth_LE/library\libbluenrg1_stack.a(gatt_server.o)
 i.aci_hal_fw_error_event_push
                0x10046dec       0x5c ../../../../../../Library/Bluetooth_LE/library\libbluenrg1_stack.a(gatt_server.o)
 i.store_data   0x10046e48       0x1e ../../../../../../Library/Bluetooth_LE/library\libbluenrg1_stack.a(gatt_server.o)
                0x10046e48                store_data
 i.__ARM_common_switch8
                0x10046e66       0x1a ../../../../../../Library/Bluetooth_LE/library\libbluenrg1_stack.a(gatt_server.o)
                0x10046e66                __ARM_common_switch8
 i.HAL_Flash_Store_Data
                0x10046e80       0x54 ../../../../../../Library/Bluetooth_LE/library\libbluenrg1_stack.a(hal.o)
                0x10046e80                HAL_Flash_Store_Data
 i.HAL_Generate_Random_Bytes_To
                0x10046ed4       0x20 ../../../../../../Library/Bluetooth_LE/library\libbluenrg1_stack.a(hal.o)
                0x10046ed4                HAL_Generate_Random_Bytes_To
 i.HAL_Set_TX_Power_Level
                0x10046ef4       0x44 ../../../../../../Library/Bluetooth_LE/library\libbluenrg1_stack.a(hal.o)
                0x10046ef4                HAL_Set_TX_Power_Level
 i.HAL_Write_ConfigData
                0x10046f38      0x148 ../../../../../../Library/Bluetooth_LE/library\libbluenrg1_stack.a(hal.o)
                0x10046f38                HAL_Write_ConfigData
 i.Hal_Get_Random_Number
                0x10047080       0x3a ../../../../../../Library/Bluetooth_LE/library\libbluenrg1_stack.a(hal.o)
                0x10047080                Hal_Get_Random_Number
 i.Hal_Get_Random_Number32
                0x100470ba       0x12 ../../../../../../Library/Bluetooth_LE/library\libbluenrg1_stack.a(hal.o)
                0x100470ba                Hal_Get_Random_Number32
 i.ble_HAL_Init
                0x100470cc       0x1c ../../../../../../Library/Bluetooth_LE/library\libbluenrg1_stack.a(hal.o)
                0x100470cc                ble_HAL_Init
 i.char_copy    0x100470e8       0x12 ../../../../../../Library/Bluetooth_LE/library\libbluenrg1_stack.a(hal.o)
                0x100470e8                char_copy
 *fill*         0x100470fa        0x2 
 i.hal_radio_activity_state_callback_check
                0x100470fc       0x34 ../../../../../../Library/Bluetooth_LE/library\libbluenrg1_stack.a(hal.o)
                0x100470fc                hal_radio_activity_state_callback_check
 i.hal_radio_activity_state_init
                0x10047130       0x1c ../../../../../../Library/Bluetooth_LE/library\libbluenrg1_stack.a(hal.o)
                0x10047130                hal_radio_activity_state_init
 i.hal_read_radio_activity_state
                0x1004714c       0x40 ../../../../../../Library/Bluetooth_LE/library\libbluenrg1_stack.a(hal.o)
                0x1004714c                hal_read_radio_activity_state
 i.set_string   0x1004718c       0x10 ../../../../../../Library/Bluetooth_LE/library\libbluenrg1_stack.a(hal.o)
                0x1004718c                set_string
 i.Controller_Process_Q
                0x1004719c       0x20 ../../../../../../Library/Bluetooth_LE/library\libbluenrg1_stack.a(hci.o)
                0x1004719c                Controller_Process_Q
 i.HCI_Init     0x100471bc       0x6c ../../../../../../Library/Bluetooth_LE/library\libbluenrg1_stack.a(hci.o)
                0x100471bc                HCI_Init
 i.PKA_Offline_Processing_ucfg
                0x10047228        0x2 ../../../../../../Library/Bluetooth_LE/library\libbluenrg1_stack.a(hci.o)
                0x10047228                PKA_Offline_Processing_ucfg
 i.PRIV_controller_privacy_csr_ucfg
                0x1004722a        0x4 ../../../../../../Library/Bluetooth_LE/library\libbluenrg1_stack.a(hci.o)
                0x1004722a                PRIV_controller_privacy_csr_ucfg
 i.data_length_extension_csr_ucfg
                0x1004722e        0x4 ../../../../../../Library/Bluetooth_LE/library\libbluenrg1_stack.a(hci.o)
                0x1004722e                data_length_extension_csr_ucfg
 i.hci_le_encrypt
                0x10047232        0xa ../../../../../../Library/Bluetooth_LE/library\libbluenrg1_stack.a(hci.o)
                0x10047232                hci_le_encrypt
 i.hci_le_long_term_key_request_reply
                0x1004723c        0xe ../../../../../../Library/Bluetooth_LE/library\libbluenrg1_stack.a(hci.o)
                0x1004723c                hci_le_long_term_key_request_reply
 i.hci_le_long_term_key_requested_negative_reply
                0x1004724a        0xe ../../../../../../Library/Bluetooth_LE/library\libbluenrg1_stack.a(hci.o)
                0x1004724a                hci_le_long_term_key_requested_negative_reply
 i.hci_le_set_scan_response_data
                0x10047258       0x16 ../../../../../../Library/Bluetooth_LE/library\libbluenrg1_stack.a(hci.o)
                0x10047258                hci_le_set_scan_response_data
 *fill*         0x1004726e        0x2 
 i.hci_rx_acl_data
                0x10047270       0x6c ../../../../../../Library/Bluetooth_LE/library\libbluenrg1_stack.a(hci.o)
                0x10047270                hci_rx_acl_data
 i.hci_tx_acl_data_done
                0x100472dc       0x44 ../../../../../../Library/Bluetooth_LE/library\libbluenrg1_stack.a(hci.o)
                0x100472dc                hci_tx_acl_data_done
 i.HAL_VTimerAcc_sysT32_ms
                0x10047320       0x24 ../../../../../../Library/Bluetooth_LE/library\libbluenrg1_stack.a(host_timer.o)
                0x10047320                HAL_VTimerAcc_sysT32_ms
 i.HAL_VTimerGetCurrentTime_sysT32
                0x10047344       0x12 ../../../../../../Library/Bluetooth_LE/library\libbluenrg1_stack.a(host_timer.o)
                0x10047344                HAL_VTimerGetCurrentTime_sysT32
 i.HAL_VTimerStart_ms
                0x10047356       0x1a ../../../../../../Library/Bluetooth_LE/library\libbluenrg1_stack.a(host_timer.o)
                0x10047356                HAL_VTimerStart_ms
 i.HAL_VTimerStart_sysT32
                0x10047370       0x1a ../../../../../../Library/Bluetooth_LE/library\libbluenrg1_stack.a(host_timer.o)
                0x10047370                HAL_VTimerStart_sysT32
 *fill*         0x1004738a        0x2 
 i.Set_Host_Timer_value
                0x1004738c       0x50 ../../../../../../Library/Bluetooth_LE/library\libbluenrg1_stack.a(host_timer.o)
                0x1004738c                Set_Host_Timer_value
 i.TimerCallback
                0x100473dc       0x7c ../../../../../../Library/Bluetooth_LE/library\libbluenrg1_stack.a(host_timer.o)
 i.Timer_ExpiryCallback
                0x10047458       0x14 ../../../../../../Library/Bluetooth_LE/library\libbluenrg1_stack.a(host_timer.o)
                0x10047458                Timer_ExpiryCallback
 i.Timer_Init   0x1004746c       0x34 ../../../../../../Library/Bluetooth_LE/library\libbluenrg1_stack.a(host_timer.o)
                0x1004746c                Timer_Init
 i.Timer_ProcessQ
                0x100474a0      0x11c ../../../../../../Library/Bluetooth_LE/library\libbluenrg1_stack.a(host_timer.o)
                0x100474a0                Timer_ProcessQ
 i.Timer_StartOneShot
                0x100475bc       0x22 ../../../../../../Library/Bluetooth_LE/library\libbluenrg1_stack.a(host_timer.o)
                0x100475bc                Timer_StartOneShot
 *fill*         0x100475de        0x2 
 i.Timer_StartOneShot_sysTime32
                0x100475e0       0x74 ../../../../../../Library/Bluetooth_LE/library\libbluenrg1_stack.a(host_timer.o)
                0x100475e0                Timer_StartOneShot_sysTime32
 i.Timer_StopOneShot
                0x10047654       0x58 ../../../../../../Library/Bluetooth_LE/library\libbluenrg1_stack.a(host_timer.o)
                0x10047654                Timer_StopOneShot
 i.Timer_sysTime32_convMachineTime
                0x100476ac       0x24 ../../../../../../Library/Bluetooth_LE/library\libbluenrg1_stack.a(host_timer.o)
                0x100476ac                Timer_sysTime32_convMachineTime
 i.L2C_Build_Command_Reject_Pdu
                0x100476d0       0x7c ../../../../../../Library/Bluetooth_LE/library\libbluenrg1_stack.a(l2cap.o)
                0x100476d0                L2C_Build_Command_Reject_Pdu
 i.L2C_Connection_Complete_Handler
                0x1004774c       0x4a ../../../../../../Library/Bluetooth_LE/library\libbluenrg1_stack.a(l2cap.o)
                0x1004774c                L2C_Connection_Complete_Handler
 i.L2C_Connection_Complete_Signal_Handler
                0x10047796       0x2a ../../../../../../Library/Bluetooth_LE/library\libbluenrg1_stack.a(l2cap.o)
                0x10047796                L2C_Connection_Complete_Signal_Handler
 i.L2C_Get_Connection_Info
                0x100477c0       0x34 ../../../../../../Library/Bluetooth_LE/library\libbluenrg1_stack.a(l2cap.o)
 i.L2C_Get_Connection_Info_Index
                0x100477f4       0x30 ../../../../../../Library/Bluetooth_LE/library\libbluenrg1_stack.a(l2cap.o)
 i.L2C_Get_PDU_Len
                0x10047824        0xe ../../../../../../Library/Bluetooth_LE/library\libbluenrg1_stack.a(l2cap.o)
                0x10047824                L2C_Get_PDU_Len
 *fill*         0x10047832        0x2 
 i.L2C_Init     0x10047834       0x58 ../../../../../../Library/Bluetooth_LE/library\libbluenrg1_stack.a(l2cap.o)
                0x10047834                L2C_Init
 i.L2C_Mux_Acl_Packet
                0x1004788c       0x58 ../../../../../../Library/Bluetooth_LE/library\libbluenrg1_stack.a(l2cap.o)
 i.L2C_Rcv_Data
                0x100478e4       0xcc ../../../../../../Library/Bluetooth_LE/library\libbluenrg1_stack.a(l2cap.o)
 i.L2C_Rcv_Event_Handler
                0x100479b0       0x1e ../../../../../../Library/Bluetooth_LE/library\libbluenrg1_stack.a(l2cap.o)
                0x100479b0                L2C_Rcv_Event_Handler
 i.L2C_Rcv_Event_Handler_ISR
                0x100479ce       0x54 ../../../../../../Library/Bluetooth_LE/library\libbluenrg1_stack.a(l2cap.o)
                0x100479ce                L2C_Rcv_Event_Handler_ISR
 *fill*         0x10047a22        0x2 
 i.L2C_Reset_To_Closed_State
                0x10047a24       0x7c ../../../../../../Library/Bluetooth_LE/library\libbluenrg1_stack.a(l2cap.o)
 i.L2C_Send_Data
                0x10047aa0       0x4c ../../../../../../Library/Bluetooth_LE/library\libbluenrg1_stack.a(l2cap.o)
                0x10047aa0                L2C_Send_Data
 i.L2C_SigChan_Req_TimeOut_Handler
                0x10047aec       0x60 ../../../../../../Library/Bluetooth_LE/library\libbluenrg1_stack.a(l2cap.o)
                0x10047aec                L2C_SigChan_Req_TimeOut_Handler
 i.L2C_Signal_Channel_Handler
                0x10047b4c      0x1b0 ../../../../../../Library/Bluetooth_LE/library\libbluenrg1_stack.a(l2cap.o)
                0x10047b4c                L2C_Signal_Channel_Handler
 i.L2C_Signal_Channel_Handler_ISR
                0x10047cfc       0x24 ../../../../../../Library/Bluetooth_LE/library\libbluenrg1_stack.a(l2cap.o)
                0x10047cfc                L2C_Signal_Channel_Handler_ISR
 i.L2C_discard_accumulated_acl_data
                0x10047d20       0x5c ../../../../../../Library/Bluetooth_LE/library\libbluenrg1_stack.a(l2cap.o)
 i.aci_l2cap_connection_update_req_event_push
                0x10047d7c       0x98 ../../../../../../Library/Bluetooth_LE/library\libbluenrg1_stack.a(l2cap.o)
 i.Data_Length_Update_Control_ISR_ucfg
                0x10047e14        0x4 ../../../../../../Library/Bluetooth_LE/library\libbluenrg1_stack.a(ll_isr.o)
                0x10047e14                Data_Length_Update_Control_ISR_ucfg
 i.RAL_Isr      0x10047e18      0x21c ../../../../../../Library/Bluetooth_LE/library\libbluenrg1_stack.a(ll_isr.o)
                0x10047e18                RAL_Isr
 i.copy_4_u32   0x10048034       0x12 ../../../../../../Library/Bluetooth_LE/library\libbluenrg1_stack.a(ll_isr.o)
                0x10048034                copy_4_u32
 *fill*         0x10048046        0x2 
 i.copy_tx_data_packet
                0x10048048       0x84 ../../../../../../Library/Bluetooth_LE/library\libbluenrg1_stack.a(ll_isr.o)
                0x10048048                copy_tx_data_packet
 i.encrypt      0x100480cc       0x74 ../../../../../../Library/Bluetooth_LE/library\libbluenrg1_stack.a(ll_isr.o)
                0x100480cc                encrypt
 i.isr_advertise_state
                0x10048140      0x3d0 ../../../../../../Library/Bluetooth_LE/library\libbluenrg1_stack.a(ll_isr.o)
 i.isr_connect_slave_state
                0x10048510      0x7e8 ../../../../../../Library/Bluetooth_LE/library\libbluenrg1_stack.a(ll_isr.o)
 i.isr_test_rx_state
                0x10048cf8       0x38 ../../../../../../Library/Bluetooth_LE/library\libbluenrg1_stack.a(ll_isr.o)
 i.isr_test_tx_state
                0x10048d30       0x68 ../../../../../../Library/Bluetooth_LE/library\libbluenrg1_stack.a(ll_isr.o)
 i.isr_unknown_state
                0x10048d98       0x2c ../../../../../../Library/Bluetooth_LE/library\libbluenrg1_stack.a(ll_isr.o)
 i.state_func_call_init_csr_ucfg
                0x10048dc4        0x2 ../../../../../../Library/Bluetooth_LE/library\libbluenrg1_stack.a(ll_isr.o)
                0x10048dc4                state_func_call_init_csr_ucfg
 i.__ARM_common_memcpy1_6
                0x10048dc6       0x1a ../../../../../../Library/Bluetooth_LE/library\libbluenrg1_stack.a(ll_isr.o)
                0x10048dc6                __ARM_common_memcpy1_6
 i.LL_LE_Clear_White_List
                0x10048de0       0x28 ../../../../../../Library/Bluetooth_LE/library\libbluenrg1_stack.a(ll_privacy.o)
                0x10048de0                LL_LE_Clear_White_List
 i.LL_priv_add_to_ConnIDList_ucfg
                0x10048e08        0x4 ../../../../../../Library/Bluetooth_LE/library\libbluenrg1_stack.a(ll_privacy.o)
                0x10048e08                LL_priv_add_to_ConnIDList_ucfg
 i.LL_priv_remove_from_ConnIDList_ucfg
                0x10048e0c        0x2 ../../../../../../Library/Bluetooth_LE/library\libbluenrg1_stack.a(ll_privacy.o)
                0x10048e0c                LL_priv_remove_from_ConnIDList_ucfg
 *fill*         0x10048e0e        0x2 
 i.LL_priv_test_address_in_ConnIDList_ucfg
                0x10048e10       0x40 ../../../../../../Library/Bluetooth_LE/library\libbluenrg1_stack.a(ll_privacy.o)
                0x10048e10                LL_priv_test_address_in_ConnIDList_ucfg
 i.PRIVWHIT_u8SearchAddrInList
                0x10048e50       0xa0 ../../../../../../Library/Bluetooth_LE/library\libbluenrg1_stack.a(ll_privacy.o)
                0x10048e50                PRIVWHIT_u8SearchAddrInList
 i.PRIVWHIT_vInit_Struct
                0x10048ef0       0xd4 ../../../../../../Library/Bluetooth_LE/library\libbluenrg1_stack.a(ll_privacy.o)
                0x10048ef0                PRIVWHIT_vInit_Struct
 i.PRIV_SearchAddrInEachList
                0x10048fc4       0xa0 ../../../../../../Library/Bluetooth_LE/library\libbluenrg1_stack.a(ll_privacy.o)
 i.PRIV_SearchAddrInWhiteList
                0x10049064       0x18 ../../../../../../Library/Bluetooth_LE/library\libbluenrg1_stack.a(ll_privacy.o)
                0x10049064                PRIV_SearchAddrInWhiteList
 i.PRIV_u32ProcessAdvPacket_ucfg
                0x1004907c        0x4 ../../../../../../Library/Bluetooth_LE/library\libbluenrg1_stack.a(ll_privacy.o)
                0x1004907c                PRIV_u32ProcessAdvPacket_ucfg
 i.PRIV_u8OfflineProcessing_ucfg
                0x10049080        0x4 ../../../../../../Library/Bluetooth_LE/library\libbluenrg1_stack.a(ll_privacy.o)
                0x10049080                PRIV_u8OfflineProcessing_ucfg
 i.PRIV_vGeneratePrivateAddress_ucfg
                0x10049084        0x2 ../../../../../../Library/Bluetooth_LE/library\libbluenrg1_stack.a(ll_privacy.o)
                0x10049084                PRIV_vGeneratePrivateAddress_ucfg
 i.PRIV_vGenerate_hci_le_enhanced_connection_complete_event_ucfg
                0x10049086        0x2 ../../../../../../Library/Bluetooth_LE/library\libbluenrg1_stack.a(ll_privacy.o)
                0x10049086                PRIV_vGenerate_hci_le_enhanced_connection_complete_event_ucfg
 i.Data_Len_Update_Offline_Processing_ucfg
                0x10049088        0x2 ../../../../../../Library/Bluetooth_LE/library\libbluenrg1_stack.a(ll_routines.o)
                0x10049088                Data_Len_Update_Offline_Processing_ucfg
 *fill*         0x1004908a        0x2 
 i.Disconnection_Offline_Processing
                0x1004908c       0x48 ../../../../../../Library/Bluetooth_LE/library\libbluenrg1_stack.a(ll_routines.o)
                0x1004908c                Disconnection_Offline_Processing
 i.LL_Data_Length_Change_Event_ucfg
                0x100490d4        0x4 ../../../../../../Library/Bluetooth_LE/library\libbluenrg1_stack.a(ll_routines.o)
                0x100490d4                LL_Data_Length_Change_Event_ucfg
 i.LL_Disconnect_Link
                0x100490d8       0x3c ../../../../../../Library/Bluetooth_LE/library\libbluenrg1_stack.a(ll_routines.o)
                0x100490d8                LL_Disconnect_Link
 i.LL_Send_Disconnection_Req
                0x10049114       0xa4 ../../../../../../Library/Bluetooth_LE/library\libbluenrg1_stack.a(ll_routines.o)
                0x10049114                LL_Send_Disconnection_Req
 i.LL_Send_Length_Resp_ucfg
                0x100491b8        0x4 ../../../../../../Library/Bluetooth_LE/library\libbluenrg1_stack.a(ll_routines.o)
                0x100491b8                LL_Send_Length_Resp_ucfg
 i.ll_write_supported_data_ucfg
                0x100491bc        0x4 ../../../../../../Library/Bluetooth_LE/library\libbluenrg1_stack.a(ll_routines.o)
                0x100491bc                ll_write_supported_data_ucfg
 i.read_rssi    0x100491c0       0x7c ../../../../../../Library/Bluetooth_LE/library\libbluenrg1_stack.a(ll_routines.o)
                0x100491c0                read_rssi
 i.hci_encryption_change_event_push
                0x1004923c       0x5c ../../../../../../Library/Bluetooth_LE/library\libbluenrg1_stack.a(ll_routines_master.o)
 i.hci_encryption_key_refresh_complete_event_push
                0x10049298       0x58 ../../../../../../Library/Bluetooth_LE/library\libbluenrg1_stack.a(ll_routines_master.o)
 i.hci_le_connection_complete_event_push
                0x100492f0       0x88 ../../../../../../Library/Bluetooth_LE/library\libbluenrg1_stack.a(ll_routines_master.o)
 i.hci_le_connection_update_complete_event_push
                0x10049378       0x6c ../../../../../../Library/Bluetooth_LE/library\libbluenrg1_stack.a(ll_routines_master.o)
 i.isr_event_handler
                0x100493e4      0x660 ../../../../../../Library/Bluetooth_LE/library\libbluenrg1_stack.a(ll_routines_master.o)
                0x100493e4                isr_event_handler
 i.isr_event_handler_scan_data_ucfg
                0x10049a44        0x2 ../../../../../../Library/Bluetooth_LE/library\libbluenrg1_stack.a(ll_routines_master.o)
                0x10049a44                isr_event_handler_scan_data_ucfg
 *fill*         0x10049a46        0x2 
 i.LL_Encrypt_Plain_Data_ucfg
                0x10049a48       0xa0 ../../../../../../Library/Bluetooth_LE/library\libbluenrg1_stack.a(ll_routines_support.o)
                0x10049a48                LL_Encrypt_Plain_Data_ucfg
 i.LL_Set_LTK   0x10049ae8       0x9c ../../../../../../Library/Bluetooth_LE/library\libbluenrg1_stack.a(ll_routines_support.o)
                0x10049ae8                LL_Set_LTK
 i.Dynamic_allocator
                0x10049b84      0x278 ../../../../../../Library/Bluetooth_LE/library\libbluenrg1_stack.a(mem_alloc.o)
                0x10049b84                Dynamic_allocator
 i.Dynamic_allocator_noRet
                0x10049dfc        0x2 ../../../../../../Library/Bluetooth_LE/library\libbluenrg1_stack.a(mem_alloc.o)
                0x10049dfc                Dynamic_allocator_noRet
 i.Mem_assign   0x10049dfe       0x16 ../../../../../../Library/Bluetooth_LE/library\libbluenrg1_stack.a(mem_alloc.o)
 i.mem_alloc_ctx_init
                0x10049e14       0xb8 ../../../../../../Library/Bluetooth_LE/library\libbluenrg1_stack.a(mem_alloc.o)
                0x10049e14                mem_alloc_ctx_init
 i.Mem_Buff_Append
                0x10049ecc       0x12 ../../../../../../Library/Bluetooth_LE/library\libbluenrg1_stack.a(mem_buff.o)
                0x10049ecc                Mem_Buff_Append
 i.Mem_Buff_Block_Copy
                0x10049ede       0x48 ../../../../../../Library/Bluetooth_LE/library\libbluenrg1_stack.a(mem_buff.o)
                0x10049ede                Mem_Buff_Block_Copy
 i.Mem_Buff_Block_Write
                0x10049f26       0x56 ../../../../../../Library/Bluetooth_LE/library\libbluenrg1_stack.a(mem_buff.o)
                0x10049f26                Mem_Buff_Block_Write
 i.Mem_Buff_Clone
                0x10049f7c       0x32 ../../../../../../Library/Bluetooth_LE/library\libbluenrg1_stack.a(mem_buff.o)
                0x10049f7c                Mem_Buff_Clone
 i.Mem_Buff_Cmp
                0x10049fae       0x78 ../../../../../../Library/Bluetooth_LE/library\libbluenrg1_stack.a(mem_buff.o)
                0x10049fae                Mem_Buff_Cmp
 i.Mem_Buff_Compact
                0x1004a026       0xba ../../../../../../Library/Bluetooth_LE/library\libbluenrg1_stack.a(mem_buff.o)
                0x1004a026                Mem_Buff_Compact
 i.Mem_Buff_Get
                0x1004a0e0       0x2e ../../../../../../Library/Bluetooth_LE/library\libbluenrg1_stack.a(mem_buff.o)
                0x1004a0e0                Mem_Buff_Get
 i.Mem_Buff_Get_Chain_Count
                0x1004a10e       0x14 ../../../../../../Library/Bluetooth_LE/library\libbluenrg1_stack.a(mem_buff.o)
                0x1004a10e                Mem_Buff_Get_Chain_Count
 i.Mem_Buff_Get_Chain_Size
                0x1004a122       0x14 ../../../../../../Library/Bluetooth_LE/library\libbluenrg1_stack.a(mem_buff.o)
                0x1004a122                Mem_Buff_Get_Chain_Size
 i.Mem_Buff_Init
                0x1004a136       0x6a ../../../../../../Library/Bluetooth_LE/library\libbluenrg1_stack.a(mem_buff.o)
                0x1004a136                Mem_Buff_Init
 i.Mem_Buff_Read
                0x1004a1a0       0x62 ../../../../../../Library/Bluetooth_LE/library\libbluenrg1_stack.a(mem_buff.o)
                0x1004a1a0                Mem_Buff_Read
 i.Mem_Buff_Release
                0x1004a202       0x36 ../../../../../../Library/Bluetooth_LE/library\libbluenrg1_stack.a(mem_buff.o)
                0x1004a202                Mem_Buff_Release
 i.Mem_Buff_Resize
                0x1004a238       0x8e ../../../../../../Library/Bluetooth_LE/library\libbluenrg1_stack.a(mem_buff.o)
                0x1004a238                Mem_Buff_Resize
 i.Mem_Buff_Write
                0x1004a2c6       0x68 ../../../../../../Library/Bluetooth_LE/library\libbluenrg1_stack.a(mem_buff.o)
                0x1004a2c6                Mem_Buff_Write
 *fill*         0x1004a32e        0x2 
 i.adapt_slot   0x1004a330      0x260 ../../../../../../Library/Bluetooth_LE/library\libbluenrg1_stack.a(multi_master_time.o)
 i.advance_slave_timing_MultiSlave
                0x1004a590      0x2d0 ../../../../../../Library/Bluetooth_LE/library\libbluenrg1_stack.a(multi_master_time.o)
                0x1004a590                advance_slave_timing_MultiSlave
 i.cancel_current_master
                0x1004a860      0x1a8 ../../../../../../Library/Bluetooth_LE/library\libbluenrg1_stack.a(multi_master_time.o)
                0x1004a860                cancel_current_master
 i.get_advertiser
                0x1004aa08       0x48 ../../../../../../Library/Bluetooth_LE/library\libbluenrg1_stack.a(multi_master_time.o)
                0x1004aa08                get_advertiser
 i.get_connection_no
                0x1004aa50       0x88 ../../../../../../Library/Bluetooth_LE/library\libbluenrg1_stack.a(multi_master_time.o)
                0x1004aa50                get_connection_no
 i.get_next_free_slot
                0x1004aad8       0x34 ../../../../../../Library/Bluetooth_LE/library\libbluenrg1_stack.a(multi_master_time.o)
                0x1004aad8                get_next_free_slot
 i.get_scan_connection
                0x1004ab0c       0x48 ../../../../../../Library/Bluetooth_LE/library\libbluenrg1_stack.a(multi_master_time.o)
                0x1004ab0c                get_scan_connection
 i.is_slave     0x1004ab54       0x34 ../../../../../../Library/Bluetooth_LE/library\libbluenrg1_stack.a(multi_master_time.o)
                0x1004ab54                is_slave
 i.nsar_init    0x1004ab88       0x18 ../../../../../../Library/Bluetooth_LE/library\libbluenrg1_stack.a(multi_master_time.o)
                0x1004ab88                nsar_init
 i.nsar_insertSlotListEntry
                0x1004aba0       0x1c ../../../../../../Library/Bluetooth_LE/library\libbluenrg1_stack.a(multi_master_time.o)
 i.nsar_searchBestFreeSlot
                0x1004abbc       0xc0 ../../../../../../Library/Bluetooth_LE/library\libbluenrg1_stack.a(multi_master_time.o)
 i.nsar_updateBestFreeSlot
                0x1004ac7c       0x22 ../../../../../../Library/Bluetooth_LE/library\libbluenrg1_stack.a(multi_master_time.o)
 *fill*         0x1004ac9e        0x2 
 i.nsar_updateSlotListEntry
                0x1004aca0       0x6c ../../../../../../Library/Bluetooth_LE/library\libbluenrg1_stack.a(multi_master_time.o)
 i.schedule_advertise_slot
                0x1004ad0c       0xb0 ../../../../../../Library/Bluetooth_LE/library\libbluenrg1_stack.a(multi_master_time.o)
                0x1004ad0c                schedule_advertise_slot
 i.start_timebase
                0x1004adbc       0xd0 ../../../../../../Library/Bluetooth_LE/library\libbluenrg1_stack.a(multi_master_time.o)
                0x1004adbc                start_timebase
 i.swap_u16     0x1004ae8c        0xa ../../../../../../Library/Bluetooth_LE/library\libbluenrg1_stack.a(multi_master_time.o)
 *fill*         0x1004ae96        0x2 
 i.timebase_start_connect
                0x1004ae98       0x38 ../../../../../../Library/Bluetooth_LE/library\libbluenrg1_stack.a(multi_master_time.o)
                0x1004ae98                timebase_start_connect
 i.Flash_Write_Flagged
                0x1004aed0       0x3c ../../../../../../Library/Bluetooth_LE/library\libbluenrg1_stack.a(nvm.o)
                0x1004aed0                Flash_Write_Flagged
 i.Is_Flash_Write_On_Going
                0x1004af0c       0x10 ../../../../../../Library/Bluetooth_LE/library\libbluenrg1_stack.a(nvm.o)
                0x1004af0c                Is_Flash_Write_On_Going
 i.PM_Check_And_Set
                0x1004af1c       0x50 ../../../../../../Library/Bluetooth_LE/library\libbluenrg1_stack.a(pm.o)
 i.PM_Clone_Pckt
                0x1004af6c       0x22 ../../../../../../Library/Bluetooth_LE/library\libbluenrg1_stack.a(pm.o)
                0x1004af6c                PM_Clone_Pckt
 *fill*         0x1004af8e        0x2 
 i.PM_Compact   0x1004af90       0x54 ../../../../../../Library/Bluetooth_LE/library\libbluenrg1_stack.a(pm.o)
                0x1004af90                PM_Compact
 i.PM_Copy_Pckt_Data
                0x1004afe4       0x12 ../../../../../../Library/Bluetooth_LE/library\libbluenrg1_stack.a(pm.o)
                0x1004afe4                PM_Copy_Pckt_Data
 *fill*         0x1004aff6        0x2 
 i.PM_Eng_Config
                0x1004aff8       0x18 ../../../../../../Library/Bluetooth_LE/library\libbluenrg1_stack.a(pm.o)
                0x1004aff8                PM_Eng_Config
 i.PM_Extract_Pdu_MBuff
                0x1004b010        0xc ../../../../../../Library/Bluetooth_LE/library\libbluenrg1_stack.a(pm.o)
                0x1004b010                PM_Extract_Pdu_MBuff
 i.PM_Get_Available_Buffer
                0x1004b01c       0x3c ../../../../../../Library/Bluetooth_LE/library\libbluenrg1_stack.a(pm.o)
                0x1004b01c                PM_Get_Available_Buffer
 i.PM_Get_Mem_Buff_Count
                0x1004b058        0xa ../../../../../../Library/Bluetooth_LE/library\libbluenrg1_stack.a(pm.o)
                0x1004b058                PM_Get_Mem_Buff_Count
 *fill*         0x1004b062        0x2 
 i.PM_Get_Pckt  0x1004b064       0x44 ../../../../../../Library/Bluetooth_LE/library\libbluenrg1_stack.a(pm.o)
                0x1004b064                PM_Get_Pckt
 i.PM_Init      0x1004b0a8       0x68 ../../../../../../Library/Bluetooth_LE/library\libbluenrg1_stack.a(pm.o)
                0x1004b0a8                PM_Init
 i.PM_Pckt_Cmp  0x1004b110        0xa ../../../../../../Library/Bluetooth_LE/library\libbluenrg1_stack.a(pm.o)
                0x1004b110                PM_Pckt_Cmp
 *fill*         0x1004b11a        0x2 
 i.PM_Release_Acl_Pckt
                0x1004b11c       0x3c ../../../../../../Library/Bluetooth_LE/library\libbluenrg1_stack.a(pm.o)
                0x1004b11c                PM_Release_Acl_Pckt
 i.PM_Resize_Pckt_Pdu_Size
                0x1004b158       0x6c ../../../../../../Library/Bluetooth_LE/library\libbluenrg1_stack.a(pm.o)
                0x1004b158                PM_Resize_Pckt_Pdu_Size
 i.PM_Write_Pckt_Data
                0x1004b1c4       0x12 ../../../../../../Library/Bluetooth_LE/library\libbluenrg1_stack.a(pm.o)
                0x1004b1c4                PM_Write_Pckt_Data
 i.Accu_Handles_Requiring_Auth
                0x1004b1d6       0x6e ../../../../../../Library/Bluetooth_LE/library\libbluenrg1_stack.a(rom_att.o)
                0x1004b1d6                Accu_Handles_Requiring_Auth
 i.Accu_UuidTypes_Requiring_Auth
                0x1004b244       0xea ../../../../../../Library/Bluetooth_LE/library\libbluenrg1_stack.a(rom_att.o)
                0x1004b244                Accu_UuidTypes_Requiring_Auth
 *fill*         0x1004b32e        0x2 
 i.GAP_Privacy1v2
                0x1004b330      0x1e0 ../../../../../../Library/Bluetooth_LE/library\libbluenrg1_stack.a(rom_gap.o)
                0x1004b330                GAP_Privacy1v2
 i.GAP_PrivateAddrTimercb
                0x1004b510       0x48 ../../../../../../Library/Bluetooth_LE/library\libbluenrg1_stack.a(rom_gap.o)
                0x1004b510                GAP_PrivateAddrTimercb
 i.GapIsPrivacySupported
                0x1004b558       0x14 ../../../../../../Library/Bluetooth_LE/library\libbluenrg1_stack.a(rom_gap.o)
                0x1004b558                GapIsPrivacySupported
 i.Generate_Non_Resolvable_Private_Address
                0x1004b56c       0x88 ../../../../../../Library/Bluetooth_LE/library\libbluenrg1_stack.a(rom_gap.o)
                0x1004b56c                Generate_Non_Resolvable_Private_Address
 i.GAP_Notify_Add_Charac
                0x1004b5f4       0x70 ../../../../../../Library/Bluetooth_LE/library\libbluenrg1_stack.a(rom_gap_rom.o)
                0x1004b5f4                GAP_Notify_Add_Charac
 i.GAP_Terminate_Link
                0x1004b664        0x8 ../../../../../../Library/Bluetooth_LE/library\libbluenrg1_stack.a(rom_gap_rom.o)
                0x1004b664                GAP_Terminate_Link
 i.Get_GAP_Handle
                0x1004b66c       0x10 ../../../../../../Library/Bluetooth_LE/library\libbluenrg1_stack.a(rom_gap_rom.o)
                0x1004b66c                Get_GAP_Handle
 i.Get_StaticRandAddr
                0x1004b67c       0x14 ../../../../../../Library/Bluetooth_LE/library\libbluenrg1_stack.a(rom_gap_rom.o)
                0x1004b67c                Get_StaticRandAddr
 i.Check_Encry_Key_Size
                0x1004b690       0x18 ../../../../../../Library/Bluetooth_LE/library\libbluenrg1_stack.a(rom_gatt_server.o)
                0x1004b690                Check_Encry_Key_Size
 i.GATT_Num_Charac_Present
                0x1004b6a8       0x3a ../../../../../../Library/Bluetooth_LE/library\libbluenrg1_stack.a(rom_gatt_server.o)
                0x1004b6a8                GATT_Num_Charac_Present
 *fill*         0x1004b6e2        0x2 
 i.Start_Gatt_Timer
                0x1004b6e4       0x24 ../../../../../../Library/Bluetooth_LE/library\libbluenrg1_stack.a(rom_gatt_server.o)
                0x1004b6e4                Start_Gatt_Timer
 i.Stop_Gatt_Timer
                0x1004b708       0x1c ../../../../../../Library/Bluetooth_LE/library\libbluenrg1_stack.a(rom_gatt_server.o)
                0x1004b708                Stop_Gatt_Timer
 i.List_Circular_Get_Size
                0x1004b724       0x14 ../../../../../../Library/Bluetooth_LE/library\libbluenrg1_stack.a(rom_list.o)
                0x1004b724                List_Circular_Get_Size
 i.List_Circular_Insert_Tail
                0x1004b738        0xe ../../../../../../Library/Bluetooth_LE/library\libbluenrg1_stack.a(rom_list.o)
                0x1004b738                List_Circular_Insert_Tail
 i.List_Circular_Node_Present
                0x1004b746       0x16 ../../../../../../Library/Bluetooth_LE/library\libbluenrg1_stack.a(rom_list.o)
                0x1004b746                List_Circular_Node_Present
 i.List_Circular_Remove_Head
                0x1004b75c       0x1a ../../../../../../Library/Bluetooth_LE/library\libbluenrg1_stack.a(rom_list.o)
                0x1004b75c                List_Circular_Remove_Head
 i.List_Circular_Remove_Node
                0x1004b776       0x20 ../../../../../../Library/Bluetooth_LE/library\libbluenrg1_stack.a(rom_list.o)
                0x1004b776                List_Circular_Remove_Node
 *fill*         0x1004b796        0x2 
 i.isr_postproc1
                0x1004b798      0x110 ../../../../../../Library/Bluetooth_LE/library\libbluenrg1_stack.a(rom_ll_isr_postproc.o)
                0x1004b798                isr_postproc1
 i.isr_postproc_encrypt_data
                0x1004b8a8       0x16 ../../../../../../Library/Bluetooth_LE/library\libbluenrg1_stack.a(rom_ll_isr_postproc.o)
                0x1004b8a8                isr_postproc_encrypt_data
 i.wait_for_aes_ready
                0x1004b8be       0x24 ../../../../../../Library/Bluetooth_LE/library\libbluenrg1_stack.a(rom_ll_isr_postproc.o)
 *fill*         0x1004b8e2        0x2 
 i.LL_update_proc
                0x1004b8e4       0xa0 ../../../../../../Library/Bluetooth_LE/library\libbluenrg1_stack.a(rom_ll_isr_routines.o)
                0x1004b8e4                LL_update_proc
 i.addr_u32_from_u8
                0x1004b984       0x1e ../../../../../../Library/Bluetooth_LE/library\libbluenrg1_stack.a(rom_ll_isr_routines.o)
 i.cancel_connect_master_ucfg
                0x1004b9a2        0x4 ../../../../../../Library/Bluetooth_LE/library\libbluenrg1_stack.a(rom_ll_isr_routines.o)
                0x1004b9a2                cancel_connect_master_ucfg
 *fill*         0x1004b9a6        0x2 
 i.cancel_master
                0x1004b9a8       0x80 ../../../../../../Library/Bluetooth_LE/library\libbluenrg1_stack.a(rom_ll_isr_routines.o)
                0x1004b9a8                cancel_master
 i.get_adv_addr
                0x1004ba28       0x14 ../../../../../../Library/Bluetooth_LE/library\libbluenrg1_stack.a(rom_ll_isr_routines.o)
                0x1004ba28                get_adv_addr
 i.get_scan_addr
                0x1004ba3c       0x14 ../../../../../../Library/Bluetooth_LE/library\libbluenrg1_stack.a(rom_ll_isr_routines.o)
                0x1004ba3c                get_scan_addr
 i.go_to_connect
                0x1004ba50      0x29c ../../../../../../Library/Bluetooth_LE/library\libbluenrg1_stack.a(rom_ll_isr_routines.o)
                0x1004ba50                go_to_connect
 i.le2ByteToInt16
                0x1004bcec        0xa ../../../../../../Library/Bluetooth_LE/library\libbluenrg1_stack.a(rom_ll_isr_routines.o)
 i.le4ByteToInt32
                0x1004bcf6       0x16 ../../../../../../Library/Bluetooth_LE/library\libbluenrg1_stack.a(rom_ll_isr_routines.o)
 i.unpack_channel_map
                0x1004bd0c       0x2e ../../../../../../Library/Bluetooth_LE/library\libbluenrg1_stack.a(rom_ll_isr_routines.o)
                0x1004bd0c                unpack_channel_map
 i.unpack_update_request
                0x1004bd3a       0x48 ../../../../../../Library/Bluetooth_LE/library\libbluenrg1_stack.a(rom_ll_isr_routines.o)
                0x1004bd3a                unpack_update_request
 i.Is_Address_Initialized
                0x1004bd82       0x18 ../../../../../../Library/Bluetooth_LE/library\libbluenrg1_stack.a(rom_ll_ll_routines.o)
                0x1004bd82                Is_Address_Initialized
 i.LL_Allow_Address_Setting
                0x1004bd9a       0x42 ../../../../../../Library/Bluetooth_LE/library\libbluenrg1_stack.a(rom_ll_ll_routines.o)
                0x1004bd9a                LL_Allow_Address_Setting
 i.LL_Check_And_Set_Addresses
                0x1004bddc      0x1fc ../../../../../../Library/Bluetooth_LE/library\libbluenrg1_stack.a(rom_ll_ll_routines.o)
                0x1004bddc                LL_Check_And_Set_Addresses
 i.LL_Enable_Disable_Adv
                0x1004bfd8      0x224 ../../../../../../Library/Bluetooth_LE/library\libbluenrg1_stack.a(rom_ll_ll_routines.o)
                0x1004bfd8                LL_Enable_Disable_Adv
 i.LL_Get_Address
                0x1004c1fc       0x30 ../../../../../../Library/Bluetooth_LE/library\libbluenrg1_stack.a(rom_ll_ll_routines.o)
                0x1004c1fc                LL_Get_Address
 i.LL_Get_AdvAddress
                0x1004c22c       0x40 ../../../../../../Library/Bluetooth_LE/library\libbluenrg1_stack.a(rom_ll_ll_routines.o)
                0x1004c22c                LL_Get_AdvAddress
 i.LL_Get_ScanAddress
                0x1004c26c       0x40 ../../../../../../Library/Bluetooth_LE/library\libbluenrg1_stack.a(rom_ll_ll_routines.o)
                0x1004c26c                LL_Get_ScanAddress
 i.LL_Init      0x1004c2ac      0x190 ../../../../../../Library/Bluetooth_LE/library\libbluenrg1_stack.a(rom_ll_ll_routines.o)
                0x1004c2ac                LL_Init
 i.LL_Send_ACL_Data
                0x1004c43c       0x50 ../../../../../../Library/Bluetooth_LE/library\libbluenrg1_stack.a(rom_ll_ll_routines.o)
                0x1004c43c                LL_Send_ACL_Data
 i.LL_Set_Adv_Data
                0x1004c48c       0x78 ../../../../../../Library/Bluetooth_LE/library\libbluenrg1_stack.a(rom_ll_ll_routines.o)
                0x1004c48c                LL_Set_Adv_Data
 i.LL_Set_Adv_PDU_Format
                0x1004c504       0xd0 ../../../../../../Library/Bluetooth_LE/library\libbluenrg1_stack.a(rom_ll_ll_routines.o)
                0x1004c504                LL_Set_Adv_PDU_Format
 i.LL_Set_Adv_Params
                0x1004c5d4      0x14c ../../../../../../Library/Bluetooth_LE/library\libbluenrg1_stack.a(rom_ll_ll_routines.o)
                0x1004c5d4                LL_Set_Adv_Params
 i.LL_Set_Advertising_Buffers
                0x1004c720       0x88 ../../../../../../Library/Bluetooth_LE/library\libbluenrg1_stack.a(rom_ll_ll_routines.o)
                0x1004c720                LL_Set_Advertising_Buffers
 i.LL_Set_DirectAddress
                0x1004c7a8       0x38 ../../../../../../Library/Bluetooth_LE/library\libbluenrg1_stack.a(rom_ll_ll_routines.o)
 i.LL_Set_OwnAddress
                0x1004c7e0       0x24 ../../../../../../Library/Bluetooth_LE/library\libbluenrg1_stack.a(rom_ll_ll_routines.o)
                0x1004c7e0                LL_Set_OwnAddress
 i.LL_Set_Scan_Resp_Data
                0x1004c804       0x5c ../../../../../../Library/Bluetooth_LE/library\libbluenrg1_stack.a(rom_ll_ll_routines.o)
                0x1004c804                LL_Set_Scan_Resp_Data
 i.LL_Update_Advertising_Buffers
                0x1004c860       0x54 ../../../../../../Library/Bluetooth_LE/library\libbluenrg1_stack.a(rom_ll_ll_routines.o)
                0x1004c860                LL_Update_Advertising_Buffers
 i.LL_Update_Scanning_Initiating_Buffers
                0x1004c8b4       0x48 ../../../../../../Library/Bluetooth_LE/library\libbluenrg1_stack.a(rom_ll_ll_routines.o)
                0x1004c8b4                LL_Update_Scanning_Initiating_Buffers
 i.addr_u32_from_u8
                0x1004c8fc       0x20 ../../../../../../Library/Bluetooth_LE/library\libbluenrg1_stack.a(rom_ll_ll_routines.o)
 i.int32ToLe4Byte
                0x1004c91c       0x10 ../../../../../../Library/Bluetooth_LE/library\libbluenrg1_stack.a(rom_ll_ll_routines.o)
 i.le4ByteToInt32
                0x1004c92c       0x16 ../../../../../../Library/Bluetooth_LE/library\libbluenrg1_stack.a(rom_ll_ll_routines.o)
 *fill*         0x1004c942        0x2 
 i.wait_for_prescheduled_slot_cancellation
                0x1004c944       0x7c ../../../../../../Library/Bluetooth_LE/library\libbluenrg1_stack.a(rom_ll_ll_routines.o)
 i.LL_Set_Channel_Classification_offline_processing_ucfg
                0x1004c9c0        0x2 ../../../../../../Library/Bluetooth_LE/library\libbluenrg1_stack.a(rom_ll_ll_routines_master.o)
                0x1004c9c0                LL_Set_Channel_Classification_offline_processing_ucfg
 *fill*         0x1004c9c2        0x2 
 i.Blue_Set_Radio_Config_Data
                0x1004c9c4       0x24 ../../../../../../Library/Bluetooth_LE/library\libbluenrg1_stack.a(rom_ll_routines_support.o)
                0x1004c9c4                Blue_Set_Radio_Config_Data
 i.LL_Get_Adv_Tx_Power_Level
                0x1004c9e8       0x1c ../../../../../../Library/Bluetooth_LE/library\libbluenrg1_stack.a(rom_ll_routines_support.o)
                0x1004c9e8                LL_Get_Adv_Tx_Power_Level
 i.convert_power
                0x1004ca04       0x20 ../../../../../../Library/Bluetooth_LE/library\libbluenrg1_stack.a(rom_ll_routines_support.o)
 i.modulo_37    0x1004ca24       0x1c ../../../../../../Library/Bluetooth_LE/library\libbluenrg1_stack.a(rom_ll_routines_support.o)
                0x1004ca24                modulo_37
 i.WindowWiden1
                0x1004ca40        0xa ../../../../../../Library/Bluetooth_LE/library\libbluenrg1_stack.a(rom_ll_timehandling.o)
                0x1004ca40                WindowWiden1
 i.WindowWiden2
                0x1004ca4a       0x10 ../../../../../../Library/Bluetooth_LE/library\libbluenrg1_stack.a(rom_ll_timehandling.o)
                0x1004ca4a                WindowWiden2
 *fill*         0x1004ca5a        0x2 
 i.machine_time_trans
                0x1004ca5c       0x20 ../../../../../../Library/Bluetooth_LE/library\libbluenrg1_stack.a(rom_ll_timehandling.o)
                0x1004ca5c                machine_time_trans
 i.set_freq     0x1004ca7c       0x88 ../../../../../../Library/Bluetooth_LE/library\libbluenrg1_stack.a(rom_ll_timehandling.o)
                0x1004ca7c                set_freq
 i.set_sca      0x1004cb04       0x1c ../../../../../../Library/Bluetooth_LE/library\libbluenrg1_stack.a(rom_ll_timehandling.o)
                0x1004cb04                set_sca
 i.system_time_trans
                0x1004cb20       0x10 ../../../../../../Library/Bluetooth_LE/library\libbluenrg1_stack.a(rom_ll_timehandling.o)
                0x1004cb20                system_time_trans
 i.system_time_trans_ext
                0x1004cb30       0x30 ../../../../../../Library/Bluetooth_LE/library\libbluenrg1_stack.a(rom_ll_timehandling.o)
                0x1004cb30                system_time_trans_ext
 i.time_offset1
                0x1004cb60        0xe ../../../../../../Library/Bluetooth_LE/library\libbluenrg1_stack.a(rom_ll_timehandling.o)
                0x1004cb60                time_offset1
 *fill*         0x1004cb6e        0x2 
 i.time_offset2
                0x1004cb70       0x10 ../../../../../../Library/Bluetooth_LE/library\libbluenrg1_stack.a(rom_ll_timehandling.o)
                0x1004cb70                time_offset2
 i.Blue_Init_Global
                0x1004cb80       0xa8 ../../../../../../Library/Bluetooth_LE/library\libbluenrg1_stack.a(routines_support.o)
                0x1004cb80                Blue_Init_Global
 i.advance_transmit
                0x1004cc28      0x158 ../../../../../../Library/Bluetooth_LE/library\libbluenrg1_stack.a(routines_support.o)
                0x1004cc28                advance_transmit
 i.microseconds_to_machine_time
                0x1004cd80        0x8 ../../../../../../Library/Bluetooth_LE/library\libbluenrg1_stack.a(routines_support.o)
                0x1004cd80                microseconds_to_machine_time
 i.slave_advance
                0x1004cd88      0x208 ../../../../../../Library/Bluetooth_LE/library\libbluenrg1_stack.a(routines_support.o)
                0x1004cd88                slave_advance
 i.swap_slaves  0x1004cf90      0x13c ../../../../../../Library/Bluetooth_LE/library\libbluenrg1_stack.a(routines_support.o)
                0x1004cf90                swap_slaves
 i.swap_u16     0x1004d0cc        0xa ../../../../../../Library/Bluetooth_LE/library\libbluenrg1_stack.a(routines_support.o)
 i.swap_u32     0x1004d0d6        0xa ../../../../../../Library/Bluetooth_LE/library\libbluenrg1_stack.a(routines_support.o)
 i.swap_u8      0x1004d0e0        0xa ../../../../../../Library/Bluetooth_LE/library\libbluenrg1_stack.a(routines_support.o)
 i.Erase_Sector
                0x1004d0ea        0xe ../../../../../../Library/Bluetooth_LE/library\libbluenrg1_stack.a(sdb.o)
 i.SDB_Add_Record
                0x1004d0f8      0x16c ../../../../../../Library/Bluetooth_LE/library\libbluenrg1_stack.a(sdb.o)
                0x1004d0f8                SDB_Add_Record
 i.SDB_Find_Matching_LTK
                0x1004d264       0x8c ../../../../../../Library/Bluetooth_LE/library\libbluenrg1_stack.a(sdb.o)
                0x1004d264                SDB_Find_Matching_LTK
 i.SDB_Find_Record
                0x1004d2f0       0xa8 ../../../../../../Library/Bluetooth_LE/library\libbluenrg1_stack.a(sdb.o)
                0x1004d2f0                SDB_Find_Record
 i.SDB_Get_Number_Of_Valid_Records
                0x1004d398       0x38 ../../../../../../Library/Bluetooth_LE/library\libbluenrg1_stack.a(sdb.o)
                0x1004d398                SDB_Get_Number_Of_Valid_Records
 i.SDB_flash_write_client_data
                0x1004d3d0       0xb8 ../../../../../../Library/Bluetooth_LE/library\libbluenrg1_stack.a(sdb.o)
                0x1004d3d0                SDB_flash_write_client_data
 i.SDB_get_security_data_record
                0x1004d488       0xd8 ../../../../../../Library/Bluetooth_LE/library\libbluenrg1_stack.a(sdb.o)
                0x1004d488                SDB_get_security_data_record
 i.SDB_read_peer_bonded_data
                0x1004d560       0x44 ../../../../../../Library/Bluetooth_LE/library\libbluenrg1_stack.a(sdb.o)
                0x1004d560                SDB_read_peer_bonded_data
 i.Write_Client_Data
                0x1004d5a4      0x1bc ../../../../../../Library/Bluetooth_LE/library\libbluenrg1_stack.a(sdb.o)
 i.int32ToLe4Byte
                0x1004d760       0x10 ../../../../../../Library/Bluetooth_LE/library\libbluenrg1_stack.a(sdb.o)
 i.sdb_delete   0x1004d770      0x164 ../../../../../../Library/Bluetooth_LE/library\libbluenrg1_stack.a(sdb.o)
 i.sdb_find_client_data
                0x1004d8d4       0xc4 ../../../../../../Library/Bluetooth_LE/library\libbluenrg1_stack.a(sdb.o)
 i.sdb_get_gatt_db_start_address
                0x1004d998       0x18 ../../../../../../Library/Bluetooth_LE/library\libbluenrg1_stack.a(sdb.o)
 i.sdb_invalidate_record
                0x1004d9b0       0x20 ../../../../../../Library/Bluetooth_LE/library\libbluenrg1_stack.a(sdb.o)
 i.sdb_read_address_type
                0x1004d9d0       0x14 ../../../../../../Library/Bluetooth_LE/library\libbluenrg1_stack.a(sdb.o)
 i.sdb_read_record
                0x1004d9e4       0x24 ../../../../../../Library/Bluetooth_LE/library\libbluenrg1_stack.a(sdb.o)
 i.sdb_read_record_validity
                0x1004da08       0x14 ../../../../../../Library/Bluetooth_LE/library\libbluenrg1_stack.a(sdb.o)
 i.sdb_write_record
                0x1004da1c       0x7c ../../../../../../Library/Bluetooth_LE/library\libbluenrg1_stack.a(sdb.o)
 i.SMP_Process_Q
                0x1004da98      0x194 ../../../../../../Library/Bluetooth_LE/library\libbluenrg1_stack.a(securitymgr.o)
                0x1004da98                SMP_Process_Q
 i.int32ToLe4Byte